Component: ARM Compiler 5.06 update 1 (build 61) Tool: armlink [4d35a8]

==============================================================================

Section Cross References

    main.o(i.main) refers to start_up.o(i.hardware_init) for hardware_init
    main.o(i.main) refers to start_up.o(i.software_init) for software_init
    main.o(i.main) refers to tasks.o(i.xTaskCreate) for xTaskCreate
    main.o(i.main) refers to tasks.o(i.vTaskStartScheduler) for vTaskStartScheduler
    main.o(i.main) refers to start_up.o(.data) for StartTask_Handler
    main.o(i.main) refers to start_up.o(i.start_task) for start_task
    system_stm32f10x.o(i.SetSysClock) refers to system_stm32f10x.o(i.SetSysClockTo72) for SetSysClockTo72
    system_stm32f10x.o(i.SystemCoreClockUpdate) refers to system_stm32f10x.o(.data) for SystemCoreClock
    system_stm32f10x.o(i.SystemInit) refers to system_stm32f10x.o(i.SetSysClock) for SetSysClock
    start_up.o(i.hardware_init) refers to misc.o(i.NVIC_PriorityGroupConfig) for NVIC_PriorityGroupConfig
    start_up.o(i.hardware_init) refers to delay.o(i.delay_init) for delay_init
    start_up.o(i.hardware_init) refers to usart.o(i.uart_init) for uart_init
    start_up.o(i.start_task) refers to port.o(i.vPortEnterCritical) for vPortEnterCritical
    start_up.o(i.start_task) refers to tasks.o(i.xTaskCreate) for xTaskCreate
    start_up.o(i.start_task) refers to tasks.o(i.vTaskDelete) for vTaskDelete
    start_up.o(i.start_task) refers to tasks.o(i.xTaskCreateStatic) for xTaskCreateStatic
    start_up.o(i.start_task) refers to port.o(i.vPortExitCritical) for vPortExitCritical
    start_up.o(i.start_task) refers to thread_key.o(.data) for KeyTask_Handler
    start_up.o(i.start_task) refers to thread_key.o(i.key_task) for key_task
    start_up.o(i.start_task) refers to interrupt_thread.o(.data) for INTERRUPTTask_Handler
    start_up.o(i.start_task) refers to interrupt_thread.o(i.interrupt_task) for interrupt_task
    start_up.o(i.start_task) refers to thread_ui.o(.data) for Thread_UI_Handler
    start_up.o(i.start_task) refers to thread_ui.o(i.thread_ui_entry) for thread_ui_entry
    start_up.o(i.start_task) refers to start_up.o(.data) for StartTask_Handler
    start_up.o(i.start_task) refers to thread_algo.o(.bss) for ThreadAlgoTCB
    start_up.o(i.start_task) refers to thread_algo.o(i.thread_algo_enery) for thread_algo_enery
    start_up.o(i.start_task) refers to thread_algo.o(.data) for ThreadAlgo_Handler
    led.o(i.LED_Init) refers to stm32f10x_rcc.o(i.RCC_APB2PeriphClockCmd) for RCC_APB2PeriphClockCmd
    led.o(i.LED_Init) refers to stm32f10x_gpio.o(i.GPIO_Init) for GPIO_Init
    led.o(i.LED_Init) refers to stm32f10x_gpio.o(i.GPIO_SetBits) for GPIO_SetBits
    key.o(i.KEY_Init) refers to stm32f10x_rcc.o(i.RCC_APB2PeriphClockCmd) for RCC_APB2PeriphClockCmd
    key.o(i.KEY_Init) refers to stm32f10x_gpio.o(i.GPIO_PinRemapConfig) for GPIO_PinRemapConfig
    key.o(i.KEY_Init) refers to stm32f10x_gpio.o(i.GPIO_Init) for GPIO_Init
    key.o(i.KEY_Scan) refers to stm32f10x_gpio.o(i.GPIO_ReadInputDataBit) for GPIO_ReadInputDataBit
    key.o(i.KEY_Scan) refers to delay.o(i.delay_ms) for delay_ms
    key.o(i.KEY_Scan) refers to key.o(.data) for key_up
    lcd.o(i.LCD_Clear) refers to lcd.o(i.LCD_SetCursor) for LCD_SetCursor
    lcd.o(i.LCD_Clear) refers to lcd.o(i.LCD_WriteRAM_Prepare) for LCD_WriteRAM_Prepare
    lcd.o(i.LCD_Clear) refers to lcd.o(.bss) for lcddev
    lcd.o(i.LCD_Color_Fill) refers to lcd.o(i.LCD_SetCursor) for LCD_SetCursor
    lcd.o(i.LCD_Color_Fill) refers to lcd.o(i.LCD_WriteRAM_Prepare) for LCD_WriteRAM_Prepare
    lcd.o(i.LCD_DisplayOff) refers to lcd.o(i.LCD_WR_REG) for LCD_WR_REG
    lcd.o(i.LCD_DisplayOff) refers to lcd.o(i.LCD_WriteReg) for LCD_WriteReg
    lcd.o(i.LCD_DisplayOff) refers to lcd.o(.bss) for lcddev
    lcd.o(i.LCD_DisplayOn) refers to lcd.o(i.LCD_WR_REG) for LCD_WR_REG
    lcd.o(i.LCD_DisplayOn) refers to lcd.o(i.LCD_WriteReg) for LCD_WriteReg
    lcd.o(i.LCD_DisplayOn) refers to lcd.o(.bss) for lcddev
    lcd.o(i.LCD_Display_Dir) refers to lcd.o(i.LCD_Scan_Dir) for LCD_Scan_Dir
    lcd.o(i.LCD_Display_Dir) refers to lcd.o(.bss) for lcddev
    lcd.o(i.LCD_DrawLine) refers to lcd.o(i.LCD_DrawPoint) for LCD_DrawPoint
    lcd.o(i.LCD_DrawPoint) refers to lcd.o(i.LCD_SetCursor) for LCD_SetCursor
    lcd.o(i.LCD_DrawPoint) refers to lcd.o(i.LCD_WriteRAM_Prepare) for LCD_WriteRAM_Prepare
    lcd.o(i.LCD_DrawPoint) refers to lcd.o(.data) for POINT_COLOR
    lcd.o(i.LCD_DrawRectangle) refers to lcd.o(i.LCD_DrawLine) for LCD_DrawLine
    lcd.o(i.LCD_Draw_Circle) refers to lcd.o(i.LCD_DrawPoint) for LCD_DrawPoint
    lcd.o(i.LCD_Fast_DrawPoint) refers to lcd.o(i.LCD_WR_REG) for LCD_WR_REG
    lcd.o(i.LCD_Fast_DrawPoint) refers to lcd.o(i.LCD_WriteReg) for LCD_WriteReg
    lcd.o(i.LCD_Fast_DrawPoint) refers to lcd.o(.bss) for lcddev
    lcd.o(i.LCD_Fill) refers to lcd.o(i.LCD_SetCursor) for LCD_SetCursor
[...]
    i.EXTI9_5_IRQHandler                     0x080007a0   Section        0  exti.o(i.EXTI9_5_IRQHandler)
    i.EXTI_ClearITPendingBit                 0x080007f0   Section        0  stm32f10x_exti.o(i.EXTI_ClearITPendingBit)
    i.GPIO_Init                              0x080007fc   Section        0  stm32f10x_gpio.o(i.GPIO_Init)
    i.GPIO_PinRemapConfig                    0x08000914   Section        0  stm32f10x_gpio.o(i.GPIO_PinRemapConfig)
    i.GPIO_ReadInputDataBit                  0x080009a4   Section        0  stm32f10x_gpio.o(i.GPIO_ReadInputDataBit)
    i.GPIO_SetBits                           0x080009b6   Section        0  stm32f10x_gpio.o(i.GPIO_SetBits)
    i.HardFault_Handler                      0x080009ba   Section        0  stm32f10x_it.o(i.HardFault_Handler)
    i.KEY_Scan                               0x080009c0   Section        0  key.o(i.KEY_Scan)
    i.LCD_Clear                              0x08000a68   Section        0  lcd.o(i.LCD_Clear)
    i.LCD_Display_Dir                        0x08000af0   Section        0  lcd.o(i.LCD_Display_Dir)
    i.LCD_DrawLine                           0x08000cb0   Section        0  lcd.o(i.LCD_DrawLine)
    i.LCD_DrawPoint                          0x08000d60   Section        0  lcd.o(i.LCD_DrawPoint)
    i.LCD_DrawRectangle                      0x08000da0   Section        0  lcd.o(i.LCD_DrawRectangle)
    i.LCD_Fast_DrawPoint                     0x08000ddc   Section        0  lcd.o(i.LCD_Fast_DrawPoint)
    i.LCD_Fill                               0x08001140   Section        0  lcd.o(i.LCD_Fill)
    i.LCD_Init                               0x08001214   Section        0  lcd.o(i.LCD_Init)
    i.LCD_Pow                                0x08004dd0   Section        0  lcd.o(i.LCD_Pow)
    i.LCD_RD_DATA                            0x08004de8   Section        0  lcd.o(i.LCD_RD_DATA)
    i.LCD_ReadReg                            0x08004e58   Section        0  lcd.o(i.LCD_ReadReg)
    i.LCD_SSD_BackLightSet                   0x08004e68   Section        0  lcd.o(i.LCD_SSD_BackLightSet)
    i.LCD_Scan_Dir                           0x08004f3c   Section        0  lcd.o(i.LCD_Scan_Dir)
    i.LCD_SetCursor                          0x08005394   Section        0  lcd.o(i.LCD_SetCursor)
    i.LCD_ShowChar                           0x08005750   Section        0  lcd.o(i.LCD_ShowChar)
    i.LCD_ShowString                         0x08005878   Section        0  lcd.o(i.LCD_ShowString)
    i.LCD_ShowxNum                           0x080058de   Section        0  lcd.o(i.LCD_ShowxNum)
    i.LCD_WR_DATAX                           0x0800599c   Section        0  lcd.o(i.LCD_WR_DATAX)
    i.LCD_WR_REG                             0x080059c0   Section        0  lcd.o(i.LCD_WR_REG)
    i.LCD_WriteRAM_Prepare                   0x080059e4   Section        0  lcd.o(i.LCD_WriteRAM_Prepare)
    i.LCD_WriteReg                           0x080059f4   Section        0  lcd.o(i.LCD_WriteReg)
    i.MemManage_Handler                      0x08005a24   Section        0  stm32f10x_it.o(i.MemManage_Handler)
    i.NMI_Handler                            0x08005a28   Section        0  stm32f10x_it.o(i.NMI_Handler)
    i.NVIC_Init                              0x08005a2c   Section        0  misc.o(i.NVIC_Init)
    i.NVIC_PriorityGroupConfig               0x08005a9c   Section        0  misc.o(i.NVIC_PriorityGroupConfig)
    i.RCC_APB2PeriphClockCmd                 0x08005ab0   Section        0  stm32f10x_rcc.o(i.RCC_APB2PeriphClockCmd)
    i.RCC_GetClocksFreq                      0x08005ad0   Section        0  stm32f10x_rcc.o(i.RCC_GetClocksFreq)
    i.SetSysClock                            0x08005ba4   Section        0  system_stm32f10x.o(i.SetSysClock)
    SetSysClock                              0x08005ba5   Thumb Code     8  system_stm32f10x.o(i.SetSysClock)
    i.SetSysClockTo72                        0x08005bac   Section        0  system_stm32f10x.o(i.SetSysClockTo72)
    SetSysClockTo72                          0x08005bad   Thumb Code   214  system_stm32f10x.o(i.SetSysClockTo72)
    i.SysTick_CLKSourceConfig                0x08005c8c   Section        0  misc.o(i.SysTick_CLKSourceConfig)
    i.SysTick_Handler                        0x08005cb4   Section        0  delay.o(i.SysTick_Handler)
    i.SystemInit                             0x08005cc4   Section        0  system_stm32f10x.o(i.SystemInit)
    i.TIM3_IRQHandler                        0x08005d24   Section        0  timer.o(i.TIM3_IRQHandler)
    i.TIM5_IRQHandler                        0x08005d5c   Section        0  timer.o(i.TIM5_IRQHandler)
    i.TIM_ClearITPendingBit                  0x08005d94   Section        0  stm32f10x_tim.o(i.TIM_ClearITPendingBit)
    i.TIM_GetITStatus                        0x08005d9a   Section        0  stm32f10x_tim.o(i.TIM_GetITStatus)
    i.USART1_IRQHandler                      0x08005dbc   Section        0  usart.o(i.USART1_IRQHandler)
    i.USART_Cmd                              0x08005e44   Section        0  stm32f10x_usart.o(i.USART_Cmd)
    i.USART_GetITStatus                      0x08005e5c   Section        0  stm32f10x_usart.o(i.USART_GetITStatus)
    i.USART_ITConfig                         0x08005eb0   Section        0  stm32f10x_usart.o(i.USART_ITConfig)
    i.USART_Init                             0x08005efc   Section        0  stm32f10x_usart.o(i.USART_Init)
    i.USART_ReceiveData                      0x08005fd4   Section        0  stm32f10x_usart.o(i.USART_ReceiveData)
    i.UsageFault_Handler                     0x08005fde   Section        0  stm32f10x_it.o(i.UsageFault_Handler)
    i._sys_exit                              0x08005fe2   Section        0  usart.o(i._sys_exit)
    i.delay_init                             0x08005fe8   Section        0  delay.o(i.delay_init)
    i.delay_ms                               0x08006044   Section        0  delay.o(i.delay_ms)
    i.delay_us                               0x08006084   Section        0  delay.o(i.delay_us)
    i.delay_xms                              0x080060cc   Section        0  delay.o(i.delay_xms)
    i.fputc                                  0x080060e4   Section        0  usart.o(i.fputc)
    i.hardware_init                          0x08006100   Section        0  start_up.o(i.hardware_init)
    i.hardware_init                          0x08006118   Section        0  thread_key.o(i.hardware_init)
    hardware_init                            0x08006119   Thumb Code     2  thread_key.o(i.hardware_init)
    i.interrupt_task                         0x0800611c   Section        0  interrupt_thread.o(i.interrupt_task)
    i.key_task                               0x080061e0   Section        0  thread_key.o(i.key_task)
    i.main                                   0x08006254   Section        0  main.o(i.main)
    i.prvAddCurrentTaskToDelayedList         0x08006290   Section        0  tasks.o(i.prvAddCurrentTaskToDelayedList)
    prvAddCurrentTaskToDelayedList           0x08006291   Thumb Code   124  tasks.o(i.prvAddCurrentTaskToDelayedList)
    i.prvAddNewTaskToReadyList               0x08006328   Section        0  tasks.o(i.prvAddNewTaskToReadyList)
    prvAddNewTaskToReadyList                 0x08006329   Thumb Code   156  tasks.o(i.prvAddNewTaskToReadyList)
    i.prvCheckForValidListAndQueue           0x080063e0   Section        0  timers.o(i.prvCheckForValidListAndQueue)
    prvCheckForValidListAndQueue             0x080063e1   Thumb Code    78  timers.o(i.prvCheckForValidListAndQueue)
    i.prvCheckTasksWaitingTermination        0x08006454   Section        0  tasks.o(i.prvCheckTasksWaitingTermination)
    prvCheckTasksWaitingTermination          0x08006455   Thumb Code    86  tasks.o(i.prvCheckTasksWaitingTermination)
    i.prvCopyDataFromQueue                   0x080064b8   Section        0  queue.o(i.prvCopyDataFromQueue)
    prvCopyDataFromQueue                     0x080064b9   Thumb Code    42  queue.o(i.prvCopyDataFromQueue)
    i.prvCopyDataToQueue                     0x080064e2   Section        0  queue.o(i.prvCopyDataToQueue)
    prvCopyDataToQueue                       0x080064e3   Thumb Code   124  queue.o(i.prvCopyDataToQueue)
    i.prvDeleteTCB                           0x08006560   Section        0  tasks.o(i.prvDeleteTCB)
    prvDeleteTCB                             0x08006561   Thumb Code    70  tasks.o(i.prvDeleteTCB)
    i.prvGetNextExpireTime                   0x080065d0   Section        0  timers.o(i.prvGetNextExpireTime)
    prvGetNextExpireTime                     0x080065d1   Thumb Code    36  timers.o(i.prvGetNextExpireTime)
    i.prvHeapInit                            0x080065f8   Section        0  heap_4.o(i.prvHeapInit)
    prvHeapInit                              0x080065f9   Thumb Code    98  heap_4.o(i.prvHeapInit)
    i.prvIdleTask                            0x08006674   Section        0  tasks.o(i.prvIdleTask)
    prvIdleTask                              0x08006675   Thumb Code    32  tasks.o(i.prvIdleTask)
    i.prvInitialiseNewQueue                  0x0800669c   Section        0  queue.o(i.prvInitialiseNewQueue)
    prvInitialiseNewQueue                    0x0800669d   Thumb Code    46  queue.o(i.prvInitialiseNewQueue)
    i.prvInitialiseNewTask                   0x080066cc   Section        0  tasks.o(i.prvInitialiseNewTask)
    prvInitialiseNewTask                     0x080066cd   Thumb Code   170  tasks.o(i.prvInitialiseNewTask)
    i.prvInitialiseTaskLists                 0x080067a0   Section        0  tasks.o(i.prvInitialiseTaskLists)
    prvInitialiseTaskLists                   0x080067a1   Thumb Code    70  tasks.o(i.prvInitialiseTaskLists)
    i.prvInsertBlockIntoFreeList             0x08006808   Section        0  heap_4.o(i.prvInsertBlockIntoFreeList)
    prvInsertBlockIntoFreeList               0x08006809   Thumb Code    96  heap_4.o(i.prvInsertBlockIntoFreeList)
    i.prvInsertTimerInActiveList             0x08006870   Section        0  timers.o(i.prvInsertTimerInActiveList)
    prvInsertTimerInActiveList               0x08006871   Thumb Code    80  timers.o(i.prvInsertTimerInActiveList)
    i.prvIsQueueEmpty                        0x080068c8   Section        0  queue.o(i.prvIsQueueEmpty)
    prvIsQueueEmpty                          0x080068c9   Thumb Code    26  queue.o(i.prvIsQueueEmpty)
    i.prvIsQueueFull                         0x080068e2   Section        0  queue.o(i.prvIsQueueFull)
    prvIsQueueFull                           0x080068e3   Thumb Code    30  queue.o(i.prvIsQueueFull)
    i.prvNotifyQueueSetContainer             0x08006900   Section        0  queue.o(i.prvNotifyQueueSetContainer)
    prvNotifyQueueSetContainer               0x08006901   Thumb Code   124  queue.o(i.prvNotifyQueueSetContainer)
    i.prvProcessExpiredTimer                 0x080069a4   Section        0  timers.o(i.prvProcessExpiredTimer)
    prvProcessExpiredTimer                   0x080069a5   Thumb Code    84  timers.o(i.prvProcessExpiredTimer)
    i.prvProcessReceivedCommands             0x08006a24   Section        0  timers.o(i.prvProcessReceivedCommands)
    prvProcessReceivedCommands               0x08006a25   Thumb Code   260  timers.o(i.prvProcessReceivedCommands)
    i.prvProcessTimerOrBlockTask             0x08006b54   Section        0  timers.o(i.prvProcessTimerOrBlockTask)
    prvProcessTimerOrBlockTask               0x08006b55   Thumb Code   102  timers.o(i.prvProcessTimerOrBlockTask)
    i.prvResetNextTaskUnblockTime            0x08006bc8   Section        0  tasks.o(i.prvResetNextTaskUnblockTime)
    prvResetNextTaskUnblockTime              0x08006bc9   Thumb Code    42  tasks.o(i.prvResetNextTaskUnblockTime)
    i.prvSampleTimeNow                       0x08006bfc   Section        0  timers.o(i.prvSampleTimeNow)
    prvSampleTimeNow                         0x08006bfd   Thumb Code    40  timers.o(i.prvSampleTimeNow)
    i.prvSwitchTimerLists                    0x08006c28   Section        0  timers.o(i.prvSwitchTimerLists)
    prvSwitchTimerLists                      0x08006c29   Thumb Code   140  timers.o(i.prvSwitchTimerLists)
    i.prvTaskExitError                       0x08006ce4   Section        0  port.o(i.prvTaskExitError)
    prvTaskExitError                         0x08006ce5   Thumb Code    48  port.o(i.prvTaskExitError)
    i.prvTimerTask                           0x08006d54   Section        0  timers.o(i.prvTimerTask)
    prvTimerTask                             0x08006d55   Thumb Code    26  timers.o(i.prvTimerTask)
    i.prvUnlockQueue                         0x08006d6e   Section        0  queue.o(i.prvUnlockQueue)
    prvUnlockQueue                           0x08006d6f   Thumb Code   146  queue.o(i.prvUnlockQueue)
    i.pvPortMalloc                           0x08006e00   Section        0  heap_4.o(i.pvPortMalloc)
    i.pvTaskIncrementMutexHeldCount          0x08006f58   Section        0  tasks.o(i.pvTaskIncrementMutexHeldCount)
    i.pxPortInitialiseStack                  0x08006f78   Section        0  port.o(i.pxPortInitialiseStack)
    i.resource_init                          0x08006f9c   Section        0  thread_key.o(i.resource_init)
    resource_init                            0x08006f9d   Thumb Code     2  thread_key.o(i.resource_init)
    i.software_init                          0x08006f9e   Section        0  start_up.o(i.software_init)
    i.software_init                          0x08006fa0   Section        0  thread_key.o(i.software_init)
    software_init                            0x08006fa1   Thumb Code     2  thread_key.o(i.software_init)
    i.start_task                             0x08006fa4   Section        0  start_up.o(i.start_task)
    i.thread_algo_enery                      0x08007074   Section        0  thread_algo.o(i.thread_algo_enery)
    i.thread_ui_entry                        0x080070a4   Section        0  thread_ui.o(i.thread_ui_entry)
    i.thread_ui_hardware_init                0x08007190   Section        0  thread_ui.o(i.thread_ui_hardware_init)
    thread_ui_hardware_init                  0x08007191   Thumb Code     8  thread_ui.o(i.thread_ui_hardware_init)
    i.thread_ui_software_init                0x08007198   Section        0  thread_ui.o(i.thread_ui_software_init)
    thread_ui_software_init                  0x08007199   Thumb Code   112  thread_ui.o(i.thread_ui_software_init)
    i.uart_init                              0x08007264   Section        0  usart.o(i.uart_init)
    i.uxListRemove                           0x08007304   Section        0  list.o(i.uxListRemove)
    i.vApplicationGetIdleTaskMemory          0x0800732c   Section        0  thread_algo.o(i.vApplicationGetIdleTaskMemory)
    i.vApplicationGetTimerTaskMemory         0x08007344   Section        0  thread_algo.o(i.vApplicationGetTimerTaskMemory)
    i.vListInitialise                        0x0800735c   Section        0  list.o(i.vListInitialise)
    i.vListInitialiseItem                    0x08007376   Section        0  list.o(i.vListInitialiseItem)
    i.vListInsert                            0x0800737c   Section        0  list.o(i.vListInsert)
    i.vListInsertEnd                         0x080073b0   Section        0  list.o(i.vListInsertEnd)
    i.vPortEnterCritical                     0x080073c8   Section        0  port.o(i.vPortEnterCritical)
    i.vPortExitCritical                      0x08007450   Section        0  port.o(i.vPortExitCritical)
    i.vPortFree                              0x080074c0   Section        0  heap_4.o(i.vPortFree)
    i.vPortSetupTimerInterrupt               0x0800757c   Section        0  port.o(i.vPortSetupTimerInterrupt)
    i.vPortValidateInterruptPriority         0x0800759c   Section        0  port.o(i.vPortValidateInterruptPriority)
    i.vQueueAddToRegistry                    0x0800763c   Section        0  queue.o(i.vQueueAddToRegistry)
    i.vQueueWaitForMessageRestricted         0x08007668   Section        0  queue.o(i.vQueueWaitForMessageRestricted)
    i.vTaskDelay                             0x080076b4   Section        0  tasks.o(i.vTaskDelay)
    i.vTaskDelete                            0x0800772c   Section        0  tasks.o(i.vTaskDelete)
    i.vTaskMissedYield                       0x0800783c   Section        0  tasks.o(i.vTaskMissedYield)
    i.vTaskPlaceOnEventList                  0x08007848   Section        0  tasks.o(i.vTaskPlaceOnEventList)
    i.vTaskPlaceOnEventListRestricted        0x080078a0   Section        0  tasks.o(i.vTaskPlaceOnEventListRestricted)
    i.vTaskPriorityInherit                   0x08007900   Section        0  tasks.o(i.vTaskPriorityInherit)
    i.vTaskSetTimeOutState                   0x080079b0   Section        0  tasks.o(i.vTaskSetTimeOutState)
    i.vTaskStartScheduler                    0x08007a00   Section        0  tasks.o(i.vTaskStartScheduler)
    i.vTaskSuspendAll                        0x08007ad8   Section        0  tasks.o(i.vTaskSuspendAll)
    i.vTaskSwitchContext                     0x08007ae8   Section        0  tasks.o(i.vTaskSwitchContext)
    i.xPortStartScheduler                    0x08007b94   Section        0  port.o(i.xPortStartScheduler)
    i.xPortSysTickHandler                    0x08007c34   Section        0  port.o(i.xPortSysTickHandler)
    i.xQueueGenericCreateStatic              0x08007c68   Section        0  queue.o(i.xQueueGenericCreateStatic)
    i.xQueueGenericReceive                   0x08007d3c   Section        0  queue.o(i.xQueueGenericReceive)
    i.xQueueGenericReset                     0x08007f08   Section        0  queue.o(i.xQueueGenericReset)
    i.xQueueGenericSend                      0x08007fbc   Section        0  queue.o(i.xQueueGenericSend)
    i.xQueueGenericSendFromISR               0x08008184   Section        0  queue.o(i.xQueueGenericSendFromISR)
    i.xTaskCheckForTimeOut                   0x08008298   Section        0  tasks.o(i.xTaskCheckForTimeOut)
    i.xTaskCreate                            0x0800833c   Section        0  tasks.o(i.xTaskCreate)
    i.xTaskCreateStatic                      0x080083a0   Section        0  tasks.o(i.xTaskCreateStatic)
    i.xTaskGetSchedulerState                 0x08008444   Section        0  tasks.o(i.xTaskGetSchedulerState)
    i.xTaskGetTickCount                      0x08008464   Section        0  tasks.o(i.xTaskGetTickCount)
    i.xTaskIncrementTick                     0x08008470   Section        0  tasks.o(i.xTaskIncrementTick)
    i.xTaskPriorityDisinherit                0x080085d4   Section        0  tasks.o(i.xTaskPriorityDisinherit)
    i.xTaskRemoveFromEventList               0x080086b0   Section        0  tasks.o(i.xTaskRemoveFromEventList)
    i.xTaskResumeAll                         0x08008768   Section        0  tasks.o(i.xTaskResumeAll)
    i.xTimerCreateTimerTask                  0x0800888c   Section        0  timers.o(i.xTimerCreateTimerTask)
    i.xTimerGenericCommand                   0x08008924   Section        0  timers.o(i.xTimerGenericCommand)
    x$fpl$dfixu                              0x080089c8   Section       90  dfixu.o(x$fpl$dfixu)
    x$fpl$dfltu                              0x08008a22   Section       38  dflt_clz.o(x$fpl$dfltu)
    x$fpl$dmul                               0x08008a48   Section      340  dmul.o(x$fpl$dmul)
    x$fpl$dnaninf                            0x08008b9c   Section      156  dnaninf.o(x$fpl$dnaninf)
    x$fpl$dretinf                            0x08008c38   Section       12  dretinf.o(x$fpl$dretinf)
    .constdata                               0x08008c44   Section     6080  lcd.o(.constdata)
    x$fpl$usenofp                            0x08008c44   Section        0  usenofp.o(x$fpl$usenofp)
    .constdata                               0x0800a404   Section       40  _printf_hex_int.o(.constdata)
    uc_hextab                                0x0800a404   Data          20  _printf_hex_int.o(.constdata)
    lc_hextab                                0x0800a418   Data          20  _printf_hex_int.o(.constdata)
    .data                                    0x20000000   Section       20  system_stm32f10x.o(.data)
    .data                                    0x20000014   Section        4  start_up.o(.data)
    .data                                    0x20000018   Section        1  key.o(.data)
    key_up                                   0x20000018   Data           1  key.o(.data)
    .data                                    0x2000001a   Section        4  lcd.o(.data)
    .data                                    0x2000001e   Section        4  delay.o(.data)
    fac_us                                   0x2000001e   Data           1  delay.o(.data)
    fac_ms                                   0x20000020   Data           2  delay.o(.data)
    .data                                    0x20000024   Section        6  usart.o(.data)
    .data                                    0x2000002a   Section       20  stm32f10x_rcc.o(.data)
    APBAHBPrescTable                         0x2000002a   Data          16  stm32f10x_rcc.o(.data)
    ADCPrescTable                            0x2000003a   Data           4  stm32f10x_rcc.o(.data)
    .data                                    0x20000040   Section       60  tasks.o(.data)
    pxDelayedTaskList                        0x20000044   Data           4  tasks.o(.data)
    pxOverflowDelayedTaskList                0x20000048   Data           4  tasks.o(.data)
    uxDeletedTasksWaitingCleanUp             0x2000004c   Data           4  tasks.o(.data)
    uxCurrentNumberOfTasks                   0x20000050   Data           4  tasks.o(.data)
    xTickCount                               0x20000054   Data           4  tasks.o(.data)
    uxTopReadyPriority                       0x20000058   Data           4  tasks.o(.data)
    xSchedulerRunning                        0x2000005c   Data           4  tasks.o(.data)
    uxPendedTicks                            0x20000060   Data           4  tasks.o(.data)
    xYieldPending                            0x20000064   Data           4  tasks.o(.data)
    xNumOfOverflows                          0x20000068   Data           4  tasks.o(.data)
    uxTaskNumber                             0x2000006c   Data           4  tasks.o(.data)
    xNextTaskUnblockTime                     0x20000070   Data           4  tasks.o(.data)
    xIdleTaskHandle                          0x20000074   Data           4  tasks.o(.data)
    uxSchedulerSuspended                     0x20000078   Data           4  tasks.o(.data)
    .data                                    0x2000007c   Section       20  timers.o(.data)
    pxCurrentTimerList                       0x2000007c   Data           4  timers.o(.data)
    pxOverflowTimerList                      0x20000080   Data           4  timers.o(.data)
    xTimerQueue                              0x20000084   Data           4  timers.o(.data)
    xTimerTaskHandle                         0x20000088   Data           4  timers.o(.data)
    xLastTime                                0x2000008c   Data           4  timers.o(.data)
    .data                                    0x20000090   Section       24  heap_4.o(.data)
    xStart                                   0x20000090   Data           8  heap_4.o(.data)
    pxEnd                                    0x20000098   Data           4  heap_4.o(.data)
    xFreeBytesRemaining                      0x2000009c   Data           4  heap_4.o(.data)
    xMinimumEverFreeBytesRemaining           0x200000a0   Data           4  heap_4.o(.data)
    xBlockAllocatedBit                       0x200000a4   Data           4  heap_4.o(.data)
    .data                                    0x200000a8   Section       12  port.o(.data)
    uxCriticalNesting                        0x200000a8   Data           4  port.o(.data)
    ucMaxSysCallPriority                     0x200000ac   Data           1  port.o(.data)
    ulMaxPRIGROUPValue                       0x200000b0   Data           4  port.o(.data)
    .data                                    0x200000b4   Section        8  interrupt_thread.o(.data)
    total_num                                0x200000b8   Data           4  interrupt_thread.o(.data)
    .data                                    0x200000bc   Section       60  thread_ui.o(.data)
    lcd_discolor                             0x200000bc   Data          56  thread_ui.o(.data)
    .data                                    0x200000f8   Section        4  thread_algo.o(.data)
    .data                                    0x200000fc   Section        4  thread_key.o(.data)
    .bss                                     0x20000100   Section       14  lcd.o(.bss)
    .bss                                     0x2000010e   Section      200  usart.o(.bss)
    .bss                                     0x200001d8   Section       64  queue.o(.bss)
    .bss                                     0x20000218   Section      740  tasks.o(.bss)
    pxReadyTasksLists                        0x20000218   Data         640  tasks.o(.bss)
    xDelayedTaskList1                        0x20000498   Data          20  tasks.o(.bss)
    xDelayedTaskList2                        0x200004ac   Data          20  tasks.o(.bss)
    xPendingReadyList                        0x200004c0   Data          20  tasks.o(.bss)
    xTasksWaitingTermination                 0x200004d4   Data          20  tasks.o(.bss)
    xSuspendedTaskList                       0x200004e8   Data          20  tasks.o(.bss)
    .bss                                     0x200004fc   Section      204  timers.o(.bss)
    xActiveTimerList1                        0x200004fc   Data          20  timers.o(.bss)
    xActiveTimerList2                        0x20000510   Data          20  timers.o(.bss)
    xStaticTimerQueue                        0x20000524   Data          84  timers.o(.bss)
    ucStaticTimerQueueStorage                0x20000578   Data          80  timers.o(.bss)
    .bss                                     0x200005c8   Section    20480  heap_4.o(.bss)
    ucHeap                                   0x200005c8   Data       20480  heap_4.o(.bss)
    .bss                                     0x200055c8   Section     2348  thread_algo.o(.bss)
    IdleTaskStack                            0x200055c8   Data         520  thread_algo.o(.bss)
    IdleTaskTCB                              0x200057d0   Data          92  thread_algo.o(.bss)
    TimerTaskStack                           0x2000582c   Data        1040  thread_algo.o(.bss)
    TimerTaskTCB                             0x20005c3c   Data          92  thread_algo.o(.bss)
    .bss                                     0x20005ef4   Section       96  libspace.o(.bss)
    HEAP                                     0x20005f58   Section      512  startup_stm32f10x_hd.o(HEAP)
    Heap_Mem                                 0x20005f58   Data         512  startup_stm32f10x_hd.o(HEAP)
    STACK                                    0x20006158   Section     1024  startup_stm32f10x_hd.o(STACK)
    Stack_Mem                                0x20006158   Data        1024  startup_stm32f10x_hd.o(STACK)
    __initial_sp                             0x20006558   Data           0  startup_stm32f10x_hd.o(STACK)

    Global Symbols

    Symbol Name                              Value     Ov Type        Size  Object(Section)

    BuildAttributes$$THM_ISAv4$P$D$K$B$S$PE$A:L22UL41UL21$X:L11$S22US41US21$IEEE1$IW$USESV6$~STKCKD$USESV7$~SHL$OSPACE$ROPI$EBA8$UX$STANDARDLIB$REQ8$PRES8$EABIv2 0x00000000   Number         0  anon$$obj.o ABSOLUTE
    __ARM_use_no_argv                        0x00000000   Number         0  main.o ABSOLUTE
    __ARM_exceptions_init                     - Undefined Weak Reference
    __alloca_initialize                       - Undefined Weak Reference
    __arm_preinit_                            - Undefined Weak Reference
    __cpp_initialize__aeabi_                  - Undefined Weak Reference
    __cxa_finalize                            - Undefined Weak Reference
    __rt_locale                               - Undefined Weak Reference
    __sigvec_lookup                           - Undefined Weak Reference
    _atexit_init                              - Undefined Weak Reference
    _call_atexit_fns                          - Undefined Weak Reference
    _clock_init                               - Undefined Weak Reference
    _fp_trap_init                             - Undefined Weak Reference
    _fp_trap_shutdown                         - Undefined Weak Reference
    _get_lc_collate                           - Undefined Weak Reference
    _get_lc_ctype                             - Undefined Weak Reference
    _get_lc_monetary                          - Undefined Weak Reference
    _get_lc_numeric                           - Undefined Weak Reference
    _get_lc_time                              - Undefined Weak Reference
    _getenv_init                              - Undefined Weak Reference
    _handle_redirection                       - Undefined Weak Reference
    _init_alloc                               - Undefined Weak Reference
    _init_user_alloc                          - Undefined Weak Reference
    _initio                                   - Undefined Weak Reference
    _mutex_acquire                            - Undefined Weak Reference
    _mutex_release                            - Undefined Weak Reference
    _printf_mbtowc                            - Undefined Weak Reference
    _printf_post_padding                      - Undefined Weak Reference
    _printf_pre_padding                       - Undefined Weak Reference
    _printf_truncate_signed                   - Undefined Weak Reference
    _printf_truncate_unsigned                 - Undefined Weak Reference
    _rand_init                                - Undefined Weak Reference
    _signal_finish                            - Undefined Weak Reference
    _signal_init                              - Undefined Weak Reference
    _terminate_alloc                          - Undefined Weak Reference
    _terminate_user_alloc                     - Undefined Weak Reference
    _terminateio                              - Undefined Weak Reference
    __Vectors_Size                           0x00000130   Number         0  startup_stm32f10x_hd.o ABSOLUTE
    __Vectors                                0x08000000   Data           4  startup_stm32f10x_hd.o(RESET)
    __Vectors_End                            0x08000130   Data           0  startup_stm32f10x_hd.o(RESET)
    __main                                   0x08000131   Thumb Code     8  __main.o(!!!main)
    __scatterload                            0x08000139   Thumb Code     0  __scatter.o(!!!scatter)
    __scatterload_rt2                        0x08000139   Thumb Code    44  __scatter.o(!!!scatter)
    __scatterload_rt2_thumb_only             0x08000139   Thumb Code     0  __scatter.o(!!!scatter)
    __scatterload_null                       0x08000147   Thumb Code     0  __scatter.o(!!!scatter)
    __scatterload_copy                       0x0800016d   Thumb Code    26  __scatter_copy.o(!!handler_copy)
    __scatterload_zeroinit                   0x08000189   Thumb Code    28  __scatter_zi.o(!!handler_zi)
    _printf_d                                0x080001a5   Thumb Code     0  _printf_d.o(.ARM.Collect$$_printf_percent$$00000009)
    _printf_percent                          0x080001a5   Thumb Code     0  _printf_percent.o(.ARM.Collect$$_printf_percent$$00000000)
    _printf_x                                0x080001ab   Thumb Code     0  _printf_x.o(.ARM.Collect$$_printf_percent$$0000000C)
    _printf_s                                0x080001b1   Thumb Code     0  _printf_s.o(.ARM.Collect$$_printf_percent$$00000014)
    _printf_percent_end                      0x080001b7   Thumb Code     0  _printf_percent_end.o(.ARM.Collect$$_printf_percent$$00000017)
    __rt_lib_init                            0x080001bb   Thumb Code     0  libinit.o(.ARM.Collect$$libinit$$00000000)
    __rt_lib_init_alloca_1                   0x080001bd   Thumb Code     0  libinit2.o(.ARM.Collect$$libinit$$0000002E)
    __rt_lib_init_argv_1                     0x080001bd   Thumb Code     0  libinit2.o(.ARM.Collect$$libinit$$0000002C)
    __rt_lib_init_atexit_1                   0x080001bd   Thumb Code     0  libinit2.o(.ARM.Collect$$libinit$$0000001B)
    __rt_lib_init_clock_1                    0x080001bd   Thumb Code     0  libinit2.o(.ARM.Collect$$libinit$$00000021)
    __rt_lib_init_cpp_1                      0x080001bd   Thumb Code     0  libinit2.o(.ARM.Collect$$libinit$$00000032)
    __rt_lib_init_exceptions_1               0x080001bd   Thumb Code     0  libinit2.o(.ARM.Collect$$libinit$$00000030)
    __rt_lib_init_fp_1                       0x080001bd   Thumb Code     0  libinit2.o(.ARM.Collect$$libinit$$00000002)
    __rt_lib_init_fp_trap_1                  0x080001bd   Thumb Code     0  libinit2.o(.ARM.Collect$$libinit$$0000001F)
    __rt_lib_init_getenv_1                   0x080001bd   Thumb Code     0  libinit2.o(.ARM.Collect$$libinit$$00000023)
    __rt_lib_init_heap_1                     0x080001bd   Thumb Code     0  libinit2.o(.ARM.Collect$$libinit$$0000000A)
    __rt_lib_init_lc_collate_1               0x080001bd   Thumb Code     0  libinit2.o(.ARM.Collect$$libinit$$00000011)
    __rt_lib_init_lc_ctype_1                 0x080001bd   Thumb Code     0  libinit2.o(.ARM.Collect$$libinit$$00000013)
    __rt_lib_init_lc_monetary_1              0x080001bd   Thumb Code     0  libinit2.o(.ARM.Collect$$libinit$$00000015)
    __rt_lib_init_lc_numeric_1               0x080001bd   Thumb Code     0  libinit2.o(.ARM.Collect$$libinit$$00000017)
    __rt_lib_init_lc_time_1                  0x080001bd   Thumb Code     0  libinit2.o(.ARM.Collect$$libinit$$00000019)
    __rt_lib_init_preinit_1                  0x080001bd   Thumb Code     0  libinit2.o(.ARM.Collect$$libinit$$00000004)
    __rt_lib_init_rand_1                     0x080001bd   Thumb Code     0  libinit2.o(.ARM.Collect$$libinit$$0000000E)
    __rt_lib_init_return                     0x080001bd   Thumb Code     0  libinit2.o(.ARM.Collect$$libinit$$00000033)
    __rt_lib_init_signal_1                   0x080001bd   Thumb Code     0  libinit2.o(.ARM.Collect$$libinit$$0000001D)
    __rt_lib_init_stdio_1                    0x080001bd   Thumb Code     0  libinit2.o(.ARM.Collect$$libinit$$00000025)
    __rt_lib_init_user_alloc_1               0x080001bd   Thumb Code     0  libinit2.o(.ARM.Collect$$libinit$$0000000C)
    __rt_lib_shutdown                        0x080001bf   Thumb Code     0  libshutdown.o(.ARM.Collect$$libshutdown$$00000000)
    __rt_lib_shutdown_cpp_1                  0x080001c1   Thumb Code     0  libshutdown2.o(.ARM.Collect$$libshutdown$$00000002)
    __rt_lib_shutdown_fp_trap_1              0x080001c1   Thumb Code     0  libshutdown2.o(.ARM.Collect$$libshutdown$$00000007)
    __rt_lib_shutdown_heap_1                 0x080001c1   Thumb Code     0  libshutdown2.o(.ARM.Collect$$libshutdown$$0000000F)
    __rt_lib_shutdown_return                 0x080001c1   Thumb Code     0  libshutdown2.o(.ARM.Collect$$libshutdown$$00000010)
    __rt_lib_shutdown_signal_1               0x080001c1   Thumb Code     0  libshutdown2.o(.ARM.Collect$$libshutdown$$0000000A)
    __rt_lib_shutdown_stdio_1                0x080001c1   Thumb Code     0  libshutdown2.o(.ARM.Collect$$libshutdown$$00000004)
    __rt_lib_shutdown_user_alloc_1           0x080001c1   Thumb Code     0  libshutdown2.o(.ARM.Collect$$libshutdown$$0000000C)
    __rt_entry                               0x080001c3   Thumb Code     0  __rtentry.o(.ARM.Collect$$rtentry$$00000000)
    __rt_entry_presh_1                       0x080001c3   Thumb Code     0  __rtentry2.o(.ARM.Collect$$rtentry$$00000002)
    __rt_entry_sh                            0x080001c3   Thumb Code     0  __rtentry4.o(.ARM.Collect$$rtentry$$00000004)
    __rt_entry_li                            0x080001c9   Thumb Code     0  __rtentry2.o(.ARM.Collect$$rtentry$$0000000A)
    __rt_entry_postsh_1                      0x080001c9   Thumb Code     0  __rtentry2.o(.ARM.Collect$$rtentry$$00000009)
    __rt_entry_main                          0x080001cd   Thumb Code     0  __rtentry2.o(.ARM.Collect$$rtentry$$0000000D)
    __rt_entry_postli_1                      0x080001cd   Thumb Code     0  __rtentry2.o(.ARM.Collect$$rtentry$$0000000C)
    __rt_exit                                0x080001d5   Thumb Code     0  rtexit.o(.ARM.Collect$$rtexit$$00000000)
    __rt_exit_ls                             0x080001d7   Thumb Code     0  rtexit2.o(.ARM.Collect$$rtexit$$00000003)
    __rt_exit_prels_1                        0x080001d7   Thumb Code     0  rtexit2.o(.ARM.Collect$$rtexit$$00000002)
    __rt_exit_exit                           0x080001db   Thumb Code     0  rtexit2.o(.ARM.Collect$$rtexit$$00000004)
    SVC_Handler                              0x080001e1   Thumb Code    32  port.o(.emb_text)
    __asm___6_port_c_39a90d8d__prvStartFirstTask 0x08000205   Thumb Code    28  port.o(.emb_text)
    PendSV_Handler                           0x08000225   Thumb Code    72  port.o(.emb_text)
    vPortGetIPSR                             0x08000271   Thumb Code     6  port.o(.emb_text)
    Reset_Handler                            0x08000279   Thumb Code     8  startup_stm32f10x_hd.o(.text)
    ADC1_2_IRQHandler                        0x08000293   Thumb Code     0  startup_stm32f10x_hd.o(.text)
    ADC3_IRQHandler                          0x08000293   Thumb Code     0  startup_stm32f10x_hd.o(.text)
    CAN1_RX1_IRQHandler                      0x08000293   Thumb Code     0  startup_stm32f10x_hd.o(.text)
    CAN1_SCE_IRQHandler                      0x08000293   Thumb Code     0  startup_stm32f10x_hd.o(.text)
    DMA1_Channel1_IRQHandler                 0x08000293   Thumb Code     0  startup_stm32f10x_hd.o(.text)
    DMA1_Channel2_IRQHandler                 0x08000293   Thumb Code     0  startup_stm32f10x_hd.o(.text)
    DMA1_Channel3_IRQHandler                 0x08000293   Thumb Code     0  startup_stm32f10x_hd.o(.text)
    DMA1_Channel4_IRQHandler                 0x08000293   Thumb Code     0  startup_stm32f10x_hd.o(.text)
    DMA1_Channel5_IRQHandler                 0x08000293   Thumb Code     0  startup_stm32f10x_hd.o(.text)
    DMA1_Channel6_IRQHandler                 0x08000293   Thumb Code     0  startup_stm32f10x_hd.o(.text)
    DMA1_Channel7_IRQHandler                 0x08000293   Thumb Code     0  startup_stm32f10x_hd.o(.text)
    DMA2_Channel1_IRQHandler                 0x08000293   Thumb Code     0  startup_stm32f10x_hd.o(.text)
    DMA2_Channel2_IRQHandler                 0x08000293   Thumb Code     0  startup_stm32f10x_hd.o(.text)
    DMA2_Channel3_IRQHandler                 0x08000293   Thumb Code     0  startup_stm32f10x_hd.o(.text)
    DMA2_Channel4_5_IRQHandler               0x08000293   Thumb Code     0  startup_stm32f10x_hd.o(.text)
    EXTI0_IRQHandler                         0x08000293   Thumb Code     0  startup_stm32f10x_hd.o(.text)
    EXTI15_10_IRQHandler                     0x08000293   Thumb Code     0  startup_stm32f10x_hd.o(.text)
    EXTI1_IRQHandler                         0x08000293   Thumb Code     0  startup_stm32f10x_hd.o(.text)
    EXTI2_IRQHandler                         0x08000293   Thumb Code     0  startup_stm32f10x_hd.o(.text)
    EXTI3_IRQHandler                         0x08000293   Thumb Code     0  startup_stm32f10x_hd.o(.text)
    EXTI4_IRQHandler                         0x08000293   Thumb Code     0  startup_stm32f10x_hd.o(.text)
    FLASH_IRQHandler                         0x08000293   Thumb Code     0  startup_stm32f10x_hd.o(.text)
    FSMC_IRQHandler                          0x08000293   Thumb Code     0  startup_stm32f10x_hd.o(.text)
    I2C1_ER_IRQHandler                       0x08000293   Thumb Code     0  startup_stm32f10x_hd.o(.text)
    I2C1_EV_IRQHandler                       0x08000293   Thumb Code     0  startup_stm32f10x_hd.o(.text)
    I2C2_ER_IRQHandler                       0x08000293   Thumb Code     0  startup_stm32f10x_hd.o(.text)
    I2C2_EV_IRQHandler                       0x08000293   Thumb Code     0  startup_stm32f10x_hd.o(.text)
    PVD_IRQHandler                           0x08000293   Thumb Code     0  startup_stm32f10x_hd.o(.text)
    RCC_IRQHandler                           0x08000293   Thumb Code     0  startup_stm32f10x_hd.o(.text)
    RTCAlarm_IRQHandler                      0x08000293   Thumb Code     0  startup_stm32f10x_hd.o(.text)
    RTC_IRQHandler                           0x08000293   Thumb Code     0  startup_stm32f10x_hd.o(.text)
    SDIO_IRQHandler                          0x08000293   Thumb Code     0  startup_stm32f10x_hd.o(.text)
    SPI1_IRQHandler                          0x08000293   Thumb Code     0  startup_stm32f10x_hd.o(.text)
    SPI2_IRQHandler                          0x08000293   Thumb Code     0  startup_stm32f10x_hd.o(.text)
    SPI3_IRQHandler                          0x08000293   Thumb Code     0  startup_stm32f10x_hd.o(.text)
    TAMPER_IRQHandler                        0x08000293   Thumb Code     0  startup_stm32f10x_hd.o(.text)
    TIM1_BRK_IRQHandler                      0x08000293   Thumb Code     0  startup_stm32f10x_hd.o(.text)
    TIM1_CC_IRQHandler                       0x08000293   Thumb Code     0  startup_stm32f10x_hd.o(.text)
    TIM1_TRG_COM_IRQHandler                  0x08000293   Thumb Code     0  startup_stm32f10x_hd.o(.text)
    TIM1_UP_IRQHandler                       0x08000293   Thumb Code     0  startup_stm32f10x_hd.o(.text)
    TIM2_IRQHandler                          0x08000293   Thumb Code     0  startup_stm32f10x_hd.o(.text)
    TIM4_IRQHandler                          0x08000293   Thumb Code     0  startup_stm32f10x_hd.o(.text)
    TIM6_IRQHandler                          0x08000293   Thumb Code     0  startup_stm32f10x_hd.o(.text)
    TIM7_IRQHandler                          0x08000293   Thumb Code     0  startup_stm32f10x_hd.o(.text)
    TIM8_BRK_IRQHandler                      0x08000293   Thumb Code     0  startup_stm32f10x_hd.o(.text)
    TIM8_CC_IRQHandler                       0x08000293   Thumb Code     0  startup_stm32f10x_hd.o(.text)
    TIM8_TRG_COM_IRQHandler                  0x08000293   Thumb Code     0  startup_stm32f10x_hd.o(.text)
    TIM8_UP_IRQHandler                       0x08000293   Thumb Code     0  startup_stm32f10x_hd.o(.text)
    UART4_IRQHandler                         0x08000293   Thumb Code     0  startup_stm32f10x_hd.o(.text)
    UART5_IRQHandler                         0x08000293   Thumb Code     0  startup_stm32f10x_hd.o(.text)
    USART2_IRQHandler                        0x08000293   Thumb Code     0  startup_stm32f10x_hd.o(.text)
    USART3_IRQHandler                        0x08000293   Thumb Code     0  startup_stm32f10x_hd.o(.text)
    USBWakeUp_IRQHandler                     0x08000293   Thumb Code     0  startup_stm32f10x_hd.o(.text)
    USB_HP_CAN1_TX_IRQHandler                0x08000293   Thumb Code     0  startup_stm32f10x_hd.o(.text)
    USB_LP_CAN1_RX0_IRQHandler               0x08000293   Thumb Code     0  startup_stm32f10x_hd.o(.text)
    WWDG_IRQHandler                          0x08000293   Thumb Code     0  startup_stm32f10x_hd.o(.text)
    __user_initial_stackheap                 0x08000295   Thumb Code     0  startup_stm32f10x_hd.o(.text)
    __use_no_semihosting                     0x080002b9   Thumb Code     2  use_no_semi_2.o(.text)
    __2printf                                0x080002bd   Thumb Code    20  noretval__2printf.o(.text)
    __printf                                 0x080002d5   Thumb Code   104  __printf.o(.text)
    _printf_str                              0x0800033d   Thumb Code    82  _printf_str.o(.text)
    _printf_int_dec                          0x08000391   Thumb Code   104  _printf_dec.o(.text)
    _printf_int_hex                          0x08000409   Thumb Code    84  _printf_hex_int.o(.text)
    _printf_longlong_hex                     0x08000409   Thumb Code     0  _printf_hex_int.o(.text)
    __aeabi_memcpy                           0x08000461   Thumb Code     0  rt_memcpy_v6.o(.text)
    __rt_memcpy                              0x08000461   Thumb Code   138  rt_memcpy_v6.o(.text)
    _memcpy_lastbytes                        0x080004c7   Thumb Code     0  rt_memcpy_v6.o(.text)
    __aeabi_memset                           0x080004eb   Thumb Code    16  aeabi_memset.o(.text)
    __use_two_region_memory                  0x080004fb   Thumb Code     2  heapauxi.o(.text)
    __rt_heap_escrow$2region                 0x080004fd   Thumb Code     2  heapauxi.o(.text)
    __rt_heap_expand$2region                 0x080004ff   Thumb Code     2  heapauxi.o(.text)
    __I$use$semihosting                      0x08000501   Thumb Code     0  use_no_semi.o(.text)
    __use_no_semihosting_swi                 0x08000501   Thumb Code     2  use_no_semi.o(.text)
    _printf_int_common                       0x08000503   Thumb Code   178  _printf_intcommon.o(.text)
    _printf_char_common                      0x080005bf   Thumb Code    32  _printf_char_common.o(.text)
    _printf_cs_common                        0x080005e5   Thumb Code    20  _printf_char.o(.text)
    _printf_char                             0x080005f9   Thumb Code    16  _printf_char.o(.text)
    _printf_string                           0x08000609   Thumb Code     8  _printf_char.o(.text)
    _printf_char_file                        0x08000611   Thumb Code    32  _printf_char_file.o(.text)
    __aeabi_memcpy4                          0x08000635   Thumb Code     0  rt_memcpy_w.o(.text)
    __aeabi_memcpy8                          0x08000635   Thumb Code     0  rt_memcpy_w.o(.text)
    __rt_memcpy_w                            0x08000635   Thumb Code   100  rt_memcpy_w.o(.text)
    _memcpy_lastbytes_aligned                0x0800067d   Thumb Code     0  rt_memcpy_w.o(.text)
    __aeabi_memclr                           0x08000699   Thumb Code     0  rt_memclr.o(.text)
    __rt_memclr                              0x08000699   Thumb Code    68  rt_memclr.o(.text)
    _memset                                  0x0800069d   Thumb Code     0  rt_memclr.o(.text)
    ferror                                   0x080006dd   Thumb Code     8  ferror.o(.text)
    __aeabi_memclr4                          0x080006e5   Thumb Code     0  rt_memclr_w.o(.text)
    __aeabi_memclr8                          0x080006e5   Thumb Code     0  rt_memclr_w.o(.text)
    __rt_memclr_w                            0x080006e5   Thumb Code    78  rt_memclr_w.o(.text)
    _memset_w                                0x080006e9   Thumb Code     0  rt_memclr_w.o(.text)
    __user_setup_stackheap                   0x08000733   Thumb Code    74  sys_stackheap_outer.o(.text)
    exit                                     0x0800077d   Thumb Code    18  exit.o(.text)
    __user_libspace                          0x08000791   Thumb Code     8  libspace.o(.text)
    __user_perproc_libspace                  0x08000791   Thumb Code     0  libspace.o(.text)
    __user_perthread_libspace                0x08000791   Thumb Code     0  libspace.o(.text)
    BusFault_Handler                         0x08000799   Thumb Code     4  stm32f10x_it.o(i.BusFault_Handler)
    DebugMon_Handler                         0x0800079d   Thumb Code     2  stm32f10x_it.o(i.DebugMon_Handler)
    EXTI9_5_IRQHandler                       0x080007a1   Thumb Code    52  exti.o(i.EXTI9_5_IRQHandler)
    EXTI_ClearITPendingBit                   0x080007f1   Thumb Code     6  stm32f10x_exti.o(i.EXTI_ClearITPendingBit)
    GPIO_Init                                0x080007fd   Thumb Code   278  stm32f10x_gpio.o(i.GPIO_Init)
    GPIO_PinRemapConfig                      0x08000915   Thumb Code   138  stm32f10x_gpio.o(i.GPIO_PinRemapConfig)
    GPIO_ReadInputDataBit                    0x080009a5   Thumb Code    18  stm32f10x_gpio.o(i.GPIO_ReadInputDataBit)
    GPIO_SetBits                             0x080009b7   Thumb Code     4  stm32f10x_gpio.o(i.GPIO_SetBits)
    HardFault_Handler                        0x080009bb   Thumb Code     4  stm32f10x_it.o(i.HardFault_Handler)
    KEY_Scan                                 0x080009c1   Thumb Code   154  key.o(i.KEY_Scan)
    LCD_Clear                                0x08000a69   Thumb Code   122  lcd.o(i.LCD_Clear)
    LCD_Display_Dir                          0x08000af1   Thumb Code   444  lcd.o(i.LCD_Display_Dir)
    LCD_DrawLine                             0x08000cb1   Thumb Code   176  lcd.o(i.LCD_DrawLine)
    LCD_DrawPoint                            0x08000d61   Thumb Code    52  lcd.o(i.LCD_DrawPoint)
    LCD_DrawRectangle                        0x08000da1   Thumb Code    60  lcd.o(i.LCD_DrawRectangle)
    LCD_Fast_DrawPoint                       0x08000ddd   Thumb Code   854  lcd.o(i.LCD_Fast_DrawPoint)
    LCD_Fill                                 0x08001141   Thumb Code   200  lcd.o(i.LCD_Fill)
    LCD_Init                                 0x08001215   Thumb Code 15292  lcd.o(i.LCD_Init)
    LCD_Pow                                  0x08004dd1   Thumb Code    22  lcd.o(i.LCD_Pow)
    LCD_RD_DATA                              0x08004de9   Thumb Code    98  lcd.o(i.LCD_RD_DATA)
    LCD_ReadReg                              0x08004e59   Thumb Code    16  lcd.o(i.LCD_ReadReg)
    LCD_SSD_BackLightSet                     0x08004e69   Thumb Code   198  lcd.o(i.LCD_SSD_BackLightSet)
    LCD_Scan_Dir                             0x08004f3d   Thumb Code  1112  lcd.o(i.LCD_Scan_Dir)
    LCD_SetCursor                            0x08005395   Thumb Code   944  lcd.o(i.LCD_SetCursor)
    LCD_ShowChar                             0x08005751   Thumb Code   272  lcd.o(i.LCD_ShowChar)
    LCD_ShowString                           0x08005879   Thumb Code   102  lcd.o(i.LCD_ShowString)
    LCD_ShowxNum                             0x080058df   Thumb Code   190  lcd.o(i.LCD_ShowxNum)
    LCD_WR_DATAX                             0x0800599d   Thumb Code    28  lcd.o(i.LCD_WR_DATAX)
    LCD_WR_REG                               0x080059c1   Thumb Code    28  lcd.o(i.LCD_WR_REG)
    LCD_WriteRAM_Prepare                     0x080059e5   Thumb Code    12  lcd.o(i.LCD_WriteRAM_Prepare)
    LCD_WriteReg                             0x080059f5   Thumb Code    40  lcd.o(i.LCD_WriteReg)
    MemManage_Handler                        0x08005a25   Thumb Code     4  stm32f10x_it.o(i.MemManage_Handler)
    NMI_Handler                              0x08005a29   Thumb Code     2  stm32f10x_it.o(i.NMI_Handler)
    NVIC_Init                                0x08005a2d   Thumb Code   100  misc.o(i.NVIC_Init)
    NVIC_PriorityGroupConfig                 0x08005a9d   Thumb Code    10  misc.o(i.NVIC_PriorityGroupConfig)
    RCC_APB2PeriphClockCmd                   0x08005ab1   Thumb Code    26  stm32f10x_rcc.o(i.RCC_APB2PeriphClockCmd)
    RCC_GetClocksFreq                        0x08005ad1   Thumb Code   192  stm32f10x_rcc.o(i.RCC_GetClocksFreq)
    SysTick_CLKSourceConfig                  0x08005c8d   Thumb Code    40  misc.o(i.SysTick_CLKSourceConfig)
    SysTick_Handler                          0x08005cb5   Thumb Code    16  delay.o(i.SysTick_Handler)
    SystemInit                               0x08005cc5   Thumb Code    78  system_stm32f10x.o(i.SystemInit)
    TIM3_IRQHandler                          0x08005d25   Thumb Code    30  timer.o(i.TIM3_IRQHandler)
    TIM5_IRQHandler                          0x08005d5d   Thumb Code    30  timer.o(i.TIM5_IRQHandler)
    TIM_ClearITPendingBit                    0x08005d95   Thumb Code     6  stm32f10x_tim.o(i.TIM_ClearITPendingBit)
    TIM_GetITStatus                          0x08005d9b   Thumb Code    34  stm32f10x_tim.o(i.TIM_GetITStatus)
    USART1_IRQHandler                        0x08005dbd   Thumb Code   122  usart.o(i.USART1_IRQHandler)
    USART_Cmd                                0x08005e45   Thumb Code    24  stm32f10x_usart.o(i.USART_Cmd)
    USART_GetITStatus                        0x08005e5d   Thumb Code    84  stm32f10x_usart.o(i.USART_GetITStatus)
    USART_ITConfig                           0x08005eb1   Thumb Code    74  stm32f10x_usart.o(i.USART_ITConfig)
    USART_Init                               0x08005efd   Thumb Code   210  stm32f10x_usart.o(i.USART_Init)
    USART_ReceiveData                        0x08005fd5   Thumb Code    10  stm32f10x_usart.o(i.USART_ReceiveData)
    UsageFault_Handler                       0x08005fdf   Thumb Code     4  stm32f10x_it.o(i.UsageFault_Handler)
    _sys_exit                                0x08005fe3   Thumb Code     4  usart.o(i._sys_exit)
    delay_init                               0x08005fe9   Thumb Code    74  delay.o(i.delay_init)
    delay_ms                                 0x08006045   Thumb Code    60  delay.o(i.delay_ms)
    delay_us                                 0x08006085   Thumb Code    68  delay.o(i.delay_us)
    delay_xms                                0x080060cd   Thumb Code    24  delay.o(i.delay_xms)
    fputc                                    0x080060e5   Thumb Code    24  usart.o(i.fputc)
    hardware_init                            0x08006101   Thumb Code    24  start_up.o(i.hardware_init)
    interrupt_task                           0x0800611d   Thumb Code   104  interrupt_thread.o(i.interrupt_task)
    key_task                                 0x080061e1   Thumb Code    66  thread_key.o(i.key_task)
    main                                     0x08006255   Thumb Code    38  main.o(i.main)
    pvPortMalloc                             0x08006e01   Thumb Code   262  heap_4.o(i.pvPortMalloc)
    pvTaskIncrementMutexHeldCount            0x08006f59   Thumb Code    26  tasks.o(i.pvTaskIncrementMutexHeldCount)
    pxPortInitialiseStack                    0x08006f79   Thumb Code    30  port.o(i.pxPortInitialiseStack)
    software_init                            0x08006f9f   Thumb Code     2  start_up.o(i.software_init)
    start_task                               0x08006fa5   Thumb Code   110  start_up.o(i.start_task)
    thread_algo_enery                        0x08007075   Thumb Code    18  thread_algo.o(i.thread_algo_enery)
    thread_ui_entry                          0x080070a5   Thumb Code   158  thread_ui.o(i.thread_ui_entry)
    uart_init                                0x08007265   Thumb Code   152  usart.o(i.uart_init)
    uxListRemove                             0x08007305   Thumb Code    40  list.o(i.uxListRemove)
    vApplicationGetIdleTaskMemory            0x0800732d   Thumb Code    14  thread_algo.o(i.vApplicationGetIdleTaskMemory)
    vApplicationGetTimerTaskMemory           0x08007345   Thumb Code    16  thread_algo.o(i.vApplicationGetTimerTaskMemory)
    vListInitialise                          0x0800735d   Thumb Code    26  list.o(i.vListInitialise)
    vListInitialiseItem                      0x08007377   Thumb Code     6  list.o(i.vListInitialiseItem)
    vListInsert                              0x0800737d   Thumb Code    52  list.o(i.vListInsert)
    vListInsertEnd                           0x080073b1   Thumb Code    24  list.o(i.vListInsertEnd)
    vPortEnterCritical                       0x080073c9   Thumb Code    68  port.o(i.vPortEnterCritical)
    vPortExitCritical                        0x08007451   Thumb Code    48  port.o(i.vPortExitCritical)
    vPortFree                                0x080074c1   Thumb Code   120  heap_4.o(i.vPortFree)
    vPortSetupTimerInterrupt                 0x0800757d   Thumb Code    26  port.o(i.vPortSetupTimerInterrupt)
    vPortValidateInterruptPriority           0x0800759d   Thumb Code    86  port.o(i.vPortValidateInterruptPriority)
    vQueueAddToRegistry                      0x0800763d   Thumb Code    38  queue.o(i.vQueueAddToRegistry)
    vQueueWaitForMessageRestricted           0x08007669   Thumb Code    74  queue.o(i.vQueueWaitForMessageRestricted)
    vTaskDelay                               0x080076b5   Thumb Code    72  tasks.o(i.vTaskDelay)
    vTaskDelete                              0x0800772d   Thumb Code   192  tasks.o(i.vTaskDelete)
    vTaskMissedYield                         0x0800783d   Thumb Code     8  tasks.o(i.vTaskMissedYield)
    vTaskPlaceOnEventList                    0x08007849   Thumb Code    42  tasks.o(i.vTaskPlaceOnEventList)
    vTaskPlaceOnEventListRestricted          0x080078a1   Thumb Code    50  tasks.o(i.vTaskPlaceOnEventListRestricted)
    vTaskPriorityInherit                     0x08007901   Thumb Code   164  tasks.o(i.vTaskPriorityInherit)
    vTaskSetTimeOutState                     0x080079b1   Thumb Code    32  tasks.o(i.vTaskSetTimeOutState)
    vTaskStartScheduler                      0x08007a01   Thumb Code   146  tasks.o(i.vTaskStartScheduler)
    vTaskSuspendAll                          0x08007ad9   Thumb Code    12  tasks.o(i.vTaskSuspendAll)
    vTaskSwitchContext                       0x08007ae9   Thumb Code   110  tasks.o(i.vTaskSwitchContext)
    xPortStartScheduler                      0x08007b95   Thumb Code   140  port.o(i.xPortStartScheduler)
    xPortSysTickHandler                      0x08007c35   Thumb Code    46  port.o(i.xPortSysTickHandler)
    xQueueGenericCreateStatic                0x08007c69   Thumb Code   172  queue.o(i.xQueueGenericCreateStatic)
    xQueueGenericReceive                     0x08007d3d   Thumb Code   416  queue.o(i.xQueueGenericReceive)
    xQueueGenericReset                       0x08007f09   Thumb Code   136  queue.o(i.xQueueGenericReset)
    xQueueGenericSend                        0x08007fbd   Thumb Code   412  queue.o(i.xQueueGenericSend)
    xQueueGenericSendFromISR                 0x08008185   Thumb Code   234  queue.o(i.xQueueGenericSendFromISR)
    xTaskCheckForTimeOut                     0x08008299   Thumb Code   116  tasks.o(i.xTaskCheckForTimeOut)
    xTaskCreate                              0x0800833d   Thumb Code   100  tasks.o(i.xTaskCreate)
    xTaskCreateStatic                        0x080083a1   Thumb Code   122  tasks.o(i.xTaskCreateStatic)
    xTaskGetSchedulerState                   0x08008445   Thumb Code    24  tasks.o(i.xTaskGetSchedulerState)
    xTaskGetTickCount                        0x08008465   Thumb Code     6  tasks.o(i.xTaskGetTickCount)
    xTaskIncrementTick                       0x08008471   Thumb Code   272  tasks.o(i.xTaskIncrementTick)
    xTaskPriorityDisinherit                  0x080085d5   Thumb Code   168  tasks.o(i.xTaskPriorityDisinherit)
    xTaskRemoveFromEventList                 0x080086b1   Thumb Code   118  tasks.o(i.xTaskRemoveFromEventList)
    xTaskResumeAll                           0x08008769   Thumb Code   214  tasks.o(i.xTaskResumeAll)
    xTimerCreateTimerTask                    0x0800888d   Thumb Code    90  timers.o(i.xTimerCreateTimerTask)
    xTimerGenericCommand                     0x08008925   Thumb Code   118  timers.o(i.xTimerGenericCommand)
    __aeabi_d2uiz                            0x080089c9   Thumb Code     0  dfixu.o(x$fpl$dfixu)
    _dfixu                                   0x080089c9   Thumb Code    90  dfixu.o(x$fpl$dfixu)
    __aeabi_ui2d                             0x08008a23   Thumb Code     0  dflt_clz.o(x$fpl$dfltu)
    _dfltu                                   0x08008a23   Thumb Code    38  dflt_clz.o(x$fpl$dfltu)
    __aeabi_dmul                             0x08008a49   Thumb Code     0  dmul.o(x$fpl$dmul)
    _dmul                                    0x08008a49   Thumb Code   332  dmul.o(x$fpl$dmul)
    __fpl_dnaninf                            0x08008b9d   Thumb Code   156  dnaninf.o(x$fpl$dnaninf)
    __fpl_dretinf                            0x08008c39   Thumb Code    12  dretinf.o(x$fpl$dretinf)
    __I$use$fp                               0x08008c44   Number         0  usenofp.o(x$fpl$usenofp)
    asc2_1206                                0x08008c44   Data        1140  lcd.o(.constdata)
    asc2_1608                                0x080090b8   Data        1520  lcd.o(.constdata)
    asc2_2412                                0x080096a8   Data        3420  lcd.o(.constdata)
    Region$$Table$$Base                      0x0800a42c   Number         0  anon$$obj.o(Region$$Table)
    Region$$Table$$Limit                     0x0800a44c   Number         0  anon$$obj.o(Region$$Table)
    SystemCoreClock                          0x20000000   Data           4  system_stm32f10x.o(.data)
    AHBPrescTable                            0x20000004   Data          16  system_stm32f10x.o(.data)
    StartTask_Handler                        0x20000014   Data           4  start_up.o(.data)
    POINT_COLOR                              0x2000001a   Data           2  lcd.o(.data)
    BACK_COLOR                               0x2000001c   Data           2  lcd.o(.data)
    __stdout                                 0x20000024   Data           4  usart.o(.data)
    USART_RX_STA                             0x20000028   Data           2  usart.o(.data)
    pxCurrentTCB                             0x20000040   Data           4  tasks.o(.data)
    INTERRUPTTask_Handler                    0x200000b4   Data           4  interrupt_thread.o(.data)
    Thread_UI_Handler                        0x200000f4   Data           4  thread_ui.o(.data)
    ThreadAlgo_Handler                       0x200000f8   Data           4  thread_algo.o(.data)
    KeyTask_Handler                          0x200000fc   Data           4  thread_key.o(.data)
    lcddev                                   0x20000100   Data          14  lcd.o(.bss)
    USART_RX_BUF                             0x2000010e   Data         200  usart.o(.bss)
    xQueueRegistry                           0x200001d8   Data          64  queue.o(.bss)
    ThreadAlgoStack                          0x20005c98   Data         512  thread_algo.o(.bss)
    ThreadAlgoTCB                            0x20005e98   Data          92  thread_algo.o(.bss)
    __libspace_start                         0x20005ef4   Data          96  libspace.o(.bss)
    __temporary_stack_top$libspace           0x20005f54   Data           0  libspace.o(.bss)



==============================================================================

Memory Map of the image

  Image Entry point : 0x08000131

  Load Region LR_IROM1 (Base: 0x08000000, Size: 0x0000a54c, Max: 0x00040000, ABSOLUTE)

    Execution Region ER_IROM1 (Base: 0x08000000, Size: 0x0000a44c, Max: 0x00040000, ABSOLUTE)

    Base Addr    Size         Type   Attr      Idx    E Section Name        Object

    0x08000000   0x00000130   Data   RO           80    RESET               startup_stm32f10x_hd.o
    0x08000130   0x00000008   Code   RO          503  * !!!main             c_w.l(__main.o)
    0x08000138   0x00000034   Code   RO          648    !!!scatter          c_w.l(__scatter.o)
    0x0800016c   0x0000001a   Code   RO          649    !!handler_copy      c_w.l(__scatter_copy.o)
    0x08000186   0x00000002   PAD
    0x08000188   0x0000001c   Code   RO          650    !!handler_zi        c_w.l(__scatter_zi.o)
    0x080001a4   0x00000000   Code   RO          497    .ARM.Collect$$_printf_percent$$00000000  c_w.l(_printf_percent.o)
    0x080001a4   0x00000006   Code   RO          495    .ARM.Collect$$_printf_percent$$00000009  c_w.l(_printf_d.o)
    0x080001aa   0x00000006   Code   RO          494    .ARM.Collect$$_printf_percent$$0000000C  c_w.l(_printf_x.o)
    0x080001b0   0x00000006   Code   RO          493    .ARM.Collect$$_printf_percent$$00000014  c_w.l(_printf_s.o)
    0x080001b6   0x00000004   Code   RO          517    .ARM.Collect$$_printf_percent$$00000017  c_w.l(_printf_percent_end.o)
    0x080001ba   0x00000002   Code   RO          547    .ARM.Collect$$libinit$$00000000  c_w.l(libinit.o)
    0x080001bc   0x00000000   Code   RO          553    .ARM.Collect$$libinit$$00000002  c_w.l(libinit2.o)
    0x080001bc   0x00000000   Code   RO          555    .ARM.Collect$$libinit$$00000004  c_w.l(libinit2.o)
    0x080001bc   0x00000000   Code   RO          558    .ARM.Collect$$libinit$$0000000A  c_w.l(libinit2.o)
    0x080001bc   0x00000000   Code   RO          560    .ARM.Collect$$libinit$$0000000C  c_w.l(libinit2.o)
    0x080001bc   0x00000000   Code   RO          562    .ARM.Collect$$libinit$$0000000E  c_w.l(libinit2.o)
    0x080001bc   0x00000000   Code   RO          565    .ARM.Collect$$libinit$$00000011  c_w.l(libinit2.o)
    0x080001bc   0x00000000   Code   RO          567    .ARM.Collect$$libinit$$00000013  c_w.l(libinit2.o)
    0x080001bc   0x00000000   Code   RO          569    .ARM.Collect$$libinit$$00000015  c_w.l(libinit2.o)
    0x080001bc   0x00000000   Code   RO          571    .ARM.Collect$$libinit$$00000017  c_w.l(libinit2.o)
    0x080001bc   0x00000000   Code   RO          573    .ARM.Collect$$libinit$$00000019  c_w.l(libinit2.o)
    0x080001bc   0x00000000   Code   RO          575    .ARM.Collect$$libinit$$0000001B  c_w.l(libinit2.o)
    0x080001bc   0x00000000   Code   RO          577    .ARM.Collect$$libinit$$0000001D  c_w.l(libinit2.o)
    0x080001bc   0x00000000   Code   RO          579    .ARM.Collect$$libinit$$0000001F  c_w.l(libinit2.o)
    0x080001bc   0x00000000   Code   RO          581    .ARM.Collect$$libinit$$00000021  c_w.l(libinit2.o)
    0x080001bc   0x00000000   Code   RO          583    .ARM.Collect$$libinit$$00000023  c_w.l(libinit2.o)
    0x080001bc   0x00000000   Code   RO          585    .ARM.Collect$$libinit$$00000025  c_w.l(libinit2.o)
    0x080001bc   0x00000000   Code   RO          589    .ARM.Collect$$libinit$$0000002C  c_w.l(libinit2.o)
    0x080001bc   0x00000000   Code   RO          591    .ARM.Collect$$libinit$$0000002E  c_w.l(libinit2.o)
    0x080001bc   0x00000000   Code   RO          593    .ARM.Collect$$libinit$$00000030  c_w.l(libinit2.o)
    0x080001bc   0x00000000   Code   RO          595    .ARM.Collect$$libinit$$00000032  c_w.l(libinit2.o)
    0x080001bc   0x00000002   Code   RO          596    .ARM.Collect$$libinit$$00000033  c_w.l(libinit2.o)
    0x080001be   0x00000002   Code   RO          609    .ARM.Collect$$libshutdown$$00000000  c_w.l(libshutdown.o)
    0x080001c0   0x00000000   Code   RO          615    .ARM.Collect$$libshutdown$$00000002  c_w.l(libshutdown2.o)
    0x080001c0   0x00000000   Code   RO          617    .ARM.Collect$$libshutdown$$00000004  c_w.l(libshutdown2.o)
    0x080001c0   0x00000000   Code   RO          620    .ARM.Collect$$libshutdown$$00000007  c_w.l(libshutdown2.o)
    0x080001c0   0x00000000   Code   RO          623    .ARM.Collect$$libshutdown$$0000000A  c_w.l(libshutdown2.o)
    0x080001c0   0x00000000   Code   RO          625    .ARM.Collect$$libshutdown$$0000000C  c_w.l(libshutdown2.o)
    0x080001c0   0x00000000   Code   RO          628    .ARM.Collect$$libshutdown$$0000000F  c_w.l(libshutdown2.o)
    0x080001c0   0x00000002   Code   RO          629    .ARM.Collect$$libshutdown$$00000010  c_w.l(libshutdown2.o)
    0x080001c2   0x00000000   Code   RO          511    .ARM.Collect$$rtentry$$00000000  c_w.l(__rtentry.o)
    0x080001c2   0x00000000   Code   RO          524    .ARM.Collect$$rtentry$$00000002  c_w.l(__rtentry2.o)
    0x080001c2   0x00000006   Code   RO          536    .ARM.Collect$$rtentry$$00000004  c_w.l(__rtentry4.o)
    0x080001c8   0x00000000   Code   RO          526    .ARM.Collect$$rtentry$$00000009  c_w.l(__rtentry2.o)
    0x080001c8   0x00000004   Code   RO          527    .ARM.Collect$$rtentry$$0000000A  c_w.l(__rtentry2.o)
    0x080001cc   0x00000000   Code   RO          529    .ARM.Collect$$rtentry$$0000000C  c_w.l(__rtentry2.o)
    0x080001cc   0x00000008   Code   RO          530    .ARM.Collect$$rtentry$$0000000D  c_w.l(__rtentry2.o)
    0x080001d4   0x00000002   Code   RO          550    .ARM.Collect$$rtexit$$00000000  c_w.l(rtexit.o)
    0x080001d6   0x00000000   Code   RO          598    .ARM.Collect$$rtexit$$00000002  c_w.l(rtexit2.o)
    0x080001d6   0x00000004   Code   RO          599    .ARM.Collect$$rtexit$$00000003  c_w.l(rtexit2.o)
    0x080001da   0x00000006   Code   RO          600    .ARM.Collect$$rtexit$$00000004  c_w.l(rtexit2.o)
    0x080001e0   0x00000096   Code   RO          422    .emb_text           port.o
    0x08000276   0x00000002   PAD
    0x08000278   0x00000040   Code   RO           81    .text               startup_stm32f10x_hd.o
    0x080002b8   0x00000002   Code   RO          457    .text               c_w.l(use_no_semi_2.o)
    0x080002ba   0x00000002   PAD
    0x080002bc   0x00000018   Code   RO          460    .text               c_w.l(noretval__2printf.o)
    0x080002d4   0x00000068   Code   RO          462    .text               c_w.l(__printf.o)
    0x0800033c   0x00000052   Code   RO          463    .text               c_w.l(_printf_str.o)
    0x0800038e   0x00000002   PAD
    0x08000390   0x00000078   Code   RO          464    .text               c_w.l(_printf_dec.o)
    0x08000408   0x00000058   Code   RO          467    .text               c_w.l(_printf_hex_int.o)
    0x08000460   0x0000008a   Code   RO          500    .text               c_w.l(rt_memcpy_v6.o)
    0x080004ea   0x00000010   Code   RO          501    .text               c_w.l(aeabi_memset.o)
    0x080004fa   0x00000006   Code   RO          502    .text               c_w.l(heapauxi.o)
    0x08000500   0x00000002   Code   RO          510    .text               c_w.l(use_no_semi.o)
    0x08000502   0x000000b2   Code   RO          512    .text               c_w.l(_printf_intcommon.o)
    0x080005b4   0x00000030   Code   RO          513    .text               c_w.l(_printf_char_common.o)
    0x080005e4   0x0000002c   Code   RO          515    .text               c_w.l(_printf_char.o)
    0x08000610   0x00000024   Code   RO          516    .text               c_w.l(_printf_char_file.o)
    0x08000634   0x00000064   Code   RO          518    .text               c_w.l(rt_memcpy_w.o)
    0x08000698   0x00000044   Code   RO          519    .text               c_w.l(rt_memclr.o)
    0x080006dc   0x00000008   Code   RO          539    .text               c_w.l(ferror.o)
    0x080006e4   0x0000004e   Code   RO          541    .text               c_w.l(rt_memclr_w.o)
    0x08000732   0x0000004a   Code   RO          542    .text               c_w.l(sys_stackheap_outer.o)
    0x0800077c   0x00000012   Code   RO          543    .text               c_w.l(exit.o)
    0x0800078e   0x00000002   PAD
    0x08000790   0x00000008   Code   RO          548    .text               c_w.l(libspace.o)
    0x08000798   0x00000004   Code   RO            2    i.BusFault_Handler  stm32f10x_it.o
    0x0800079c   0x00000002   Code   RO            3    i.DebugMon_Handler  stm32f10x_it.o
    0x0800079e   0x00000002   PAD
    0x080007a0   0x00000050   Code   RO           59    i.EXTI9_5_IRQHandler  exti.o
    0x080007f0   0x0000000c   Code   RO          259    i.EXTI_ClearITPendingBit  stm32f10x_exti.o
    0x080007fc   0x00000116   Code   RO           93    i.GPIO_Init         stm32f10x_gpio.o
    0x08000912   0x00000002   PAD
    0x08000914   0x00000090   Code   RO           95    i.GPIO_PinRemapConfig  stm32f10x_gpio.o
    0x080009a4   0x00000012   Code   RO           97    i.GPIO_ReadInputDataBit  stm32f10x_gpio.o
    0x080009b6   0x00000004   Code   RO          101    i.GPIO_SetBits      stm32f10x_gpio.o
    0x080009ba   0x00000004   Code   RO            4    i.HardFault_Handler  stm32f10x_it.o
    0x080009be   0x00000002   PAD
    0x080009c0   0x000000a8   Code   RO           19    i.KEY_Scan          key.o
    0x08000a68   0x00000088   Code   RO           22    i.LCD_Clear         lcd.o
    0x08000af0   0x000001c0   Code   RO           26    i.LCD_Display_Dir   lcd.o
    0x08000cb0   0x000000b0   Code   RO           27    i.LCD_DrawLine      lcd.o
    0x08000d60   0x00000040   Code   RO           28    i.LCD_DrawPoint     lcd.o
    0x08000da0   0x0000003c   Code   RO           29    i.LCD_DrawRectangle  lcd.o
    0x08000ddc   0x00000364   Code   RO           31    i.LCD_Fast_DrawPoint  lcd.o
    0x08001140   0x000000d4   Code   RO           32    i.LCD_Fill          lcd.o
    0x08001214   0x00003bbc   Code   RO           33    i.LCD_Init          lcd.o
    0x08004dd0   0x00000016   Code   RO           34    i.LCD_Pow           lcd.o
    0x08004de6   0x00000002   PAD
    0x08004de8   0x00000070   Code   RO           35    i.LCD_RD_DATA       lcd.o
    0x08004e58   0x00000010   Code   RO           37    i.LCD_ReadReg       lcd.o
    0x08004e68   0x000000d4   Code   RO           38    i.LCD_SSD_BackLightSet  lcd.o
    0x08004f3c   0x00000458   Code   RO           39    i.LCD_Scan_Dir      lcd.o
    0x08005394   0x000003bc   Code   RO           40    i.LCD_SetCursor     lcd.o
    0x08005750   0x00000128   Code   RO           42    i.LCD_ShowChar      lcd.o
    0x08005878   0x00000066   Code   RO           44    i.LCD_ShowString    lcd.o
    0x080058de   0x000000be   Code   RO           45    i.LCD_ShowxNum      lcd.o
    0x0800599c   0x00000024   Code   RO           46    i.LCD_WR_DATAX      lcd.o
    0x080059c0   0x00000024   Code   RO           47    i.LCD_WR_REG        lcd.o
    0x080059e4   0x00000010   Code   RO           49    i.LCD_WriteRAM_Prepare  lcd.o
    0x080059f4   0x00000030   Code   RO           50    i.LCD_WriteReg      lcd.o
    0x08005a24   0x00000004   Code   RO            5    i.MemManage_Handler  stm32f10x_it.o
    0x08005a28   0x00000002   Code   RO            6    i.NMI_Handler       stm32f10x_it.o
    0x08005a2a   0x00000002   PAD
    0x08005a2c   0x00000070   Code   RO           82    i.NVIC_Init         misc.o
    0x08005a9c   0x00000014   Code   RO           83    i.NVIC_PriorityGroupConfig  misc.o
    0x08005ab0   0x00000020   Code   RO          109    i.RCC_APB2PeriphClockCmd  stm32f10x_rcc.o
    0x08005ad0   0x000000d4   Code   RO          117    i.RCC_GetClocksFreq  stm32f10x_rcc.o
    0x08005ba4   0x00000008   Code   RO            8    i.SetSysClock       system_stm32f10x.o
    0x08005bac   0x000000e0   Code   RO            9    i.SetSysClockTo72   system_stm32f10x.o
    0x08005c8c   0x00000028   Code   RO           86    i.SysTick_CLKSourceConfig  misc.o
    0x08005cb4   0x00000010   Code   RO           61    i.SysTick_Handler   delay.o
    0x08005cc4   0x00000060   Code   RO           11    i.SystemInit        system_stm32f10x.o
    0x08005d24   0x00000038   Code   RO           55    i.TIM3_IRQHandler   timer.o
    0x08005d5c   0x00000038   Code   RO           57    i.TIM5_IRQHandler   timer.o
    0x08005d94   0x00000006   Code   RO          178    i.TIM_ClearITPendingBit  stm32f10x_tim.o
    0x08005d9a   0x00000022   Code   RO          204    i.TIM_GetITStatus   stm32f10x_tim.o
    0x08005dbc   0x00000088   Code   RO           71    i.USART1_IRQHandler  usart.o
    0x08005e44   0x00000018   Code   RO          142    i.USART_Cmd         stm32f10x_usart.o
    0x08005e5c   0x00000054   Code   RO          146    i.USART_GetITStatus  stm32f10x_usart.o
    0x08005eb0   0x0000004a   Code   RO          148    i.USART_ITConfig    stm32f10x_usart.o
    0x08005efa   0x00000002   PAD
    0x08005efc   0x000000d8   Code   RO          149    i.USART_Init        stm32f10x_usart.o
    0x08005fd4   0x0000000a   Code   RO          156    i.USART_ReceiveData  stm32f10x_usart.o
    0x08005fde   0x00000004   Code   RO            7    i.UsageFault_Handler  stm32f10x_it.o
    0x08005fe2   0x00000004   Code   RO           72    i._sys_exit         usart.o
    0x08005fe6   0x00000002   PAD
    0x08005fe8   0x0000005c   Code   RO           62    i.delay_init        delay.o
    0x08006044   0x00000040   Code   RO           63    i.delay_ms          delay.o
    0x08006084   0x00000048   Code   RO           64    i.delay_us          delay.o
    0x080060cc   0x00000018   Code   RO           65    i.delay_xms         delay.o
    0x080060e4   0x0000001c   Code   RO           73    i.fputc             usart.o
    0x08006100   0x00000018   Code   RO           13    i.hardware_init     start_up.o
    0x08006118   0x00000002   Code   RO          450    i.hardware_init     thread_key.o
    0x0800611a   0x00000002   PAD
    0x0800611c   0x000000c4   Code   RO          439    i.interrupt_task    interrupt_thread.o
    0x080061e0   0x00000074   Code   RO          451    i.key_task          thread_key.o
    0x08006254   0x0000003c   Code   RO            1    i.main              main.o
    0x08006290   0x00000098   Code   RO          329    i.prvAddCurrentTaskToDelayedList  tasks.o
    0x08006328   0x000000b8   Code   RO          330    i.prvAddNewTaskToReadyList  tasks.o
    0x080063e0   0x00000074   Code   RO          389    i.prvCheckForValidListAndQueue  timers.o
    0x08006454   0x00000064   Code   RO          331    i.prvCheckTasksWaitingTermination  tasks.o
    0x080064b8   0x0000002a   Code   RO          286    i.prvCopyDataFromQueue  queue.o
    0x080064e2   0x0000007c   Code   RO          287    i.prvCopyDataToQueue  queue.o
    0x0800655e   0x00000002   PAD
    0x08006560   0x00000070   Code   RO          332    i.prvDeleteTCB      tasks.o
    0x080065d0   0x00000028   Code   RO          390    i.prvGetNextExpireTime  timers.o
    0x080065f8   0x0000007c   Code   RO          413    i.prvHeapInit       heap_4.o
    0x08006674   0x00000028   Code   RO          333    i.prvIdleTask       tasks.o
    0x0800669c   0x0000002e   Code   RO          289    i.prvInitialiseNewQueue  queue.o
    0x080066ca   0x00000002   PAD
    0x080066cc   0x000000d4   Code   RO          334    i.prvInitialiseNewTask  tasks.o
    0x080067a0   0x00000068   Code   RO          335    i.prvInitialiseTaskLists  tasks.o
    0x08006808   0x00000068   Code   RO          414    i.prvInsertBlockIntoFreeList  heap_4.o
    0x08006870   0x00000058   Code   RO          392    i.prvInsertTimerInActiveList  timers.o
    0x080068c8   0x0000001a   Code   RO          290    i.prvIsQueueEmpty   queue.o
    0x080068e2   0x0000001e   Code   RO          291    i.prvIsQueueFull    queue.o
    0x08006900   0x000000a4   Code   RO          292    i.prvNotifyQueueSetContainer  queue.o
    0x080069a4   0x00000080   Code   RO          393    i.prvProcessExpiredTimer  timers.o
    0x08006a24   0x00000130   Code   RO          394    i.prvProcessReceivedCommands  timers.o
    0x08006b54   0x00000074   Code   RO          395    i.prvProcessTimerOrBlockTask  timers.o
    0x08006bc8   0x00000034   Code   RO          337    i.prvResetNextTaskUnblockTime  tasks.o
    0x08006bfc   0x0000002c   Code   RO          396    i.prvSampleTimeNow  timers.o
    0x08006c28   0x000000bc   Code   RO          397    i.prvSwitchTimerLists  timers.o
    0x08006ce4   0x00000070   Code   RO          423    i.prvTaskExitError  port.o
    0x08006d54   0x0000001a   Code   RO          398    i.prvTimerTask      timers.o
    0x08006d6e   0x00000092   Code   RO          293    i.prvUnlockQueue    queue.o
    0x08006e00   0x00000158   Code   RO          415    i.pvPortMalloc      heap_4.o
    0x08006f58   0x00000020   Code   RO          341    i.pvTaskIncrementMutexHeldCount  tasks.o
    0x08006f78   0x00000024   Code   RO          424    i.pxPortInitialiseStack  port.o
    0x08006f9c   0x00000002   Code   RO          452    i.resource_init     thread_key.o
    0x08006f9e   0x00000002   Code   RO           14    i.software_init     start_up.o
    0x08006fa0   0x00000002   Code   RO          453    i.software_init     thread_key.o
    0x08006fa2   0x00000002   PAD
    0x08006fa4   0x000000d0   Code   RO           15    i.start_task        start_up.o
    0x08007074   0x00000030   Code   RO          445    i.thread_algo_enery  thread_algo.o
    0x080070a4   0x000000ec   Code   RO          441    i.thread_ui_entry   thread_ui.o
    0x08007190   0x00000008   Code   RO          442    i.thread_ui_hardware_init  thread_ui.o
    0x08007198   0x000000cc   Code   RO          443    i.thread_ui_software_init  thread_ui.o
    0x08007264   0x000000a0   Code   RO           74    i.uart_init         usart.o
    0x08007304   0x00000028   Code   RO          280    i.uxListRemove      list.o
    0x0800732c   0x00000018   Code   RO          446    i.vApplicationGetIdleTaskMemory  thread_algo.o
    0x08007344   0x00000018   Code   RO          447    i.vApplicationGetTimerTaskMemory  thread_algo.o
    0x0800735c   0x0000001a   Code   RO          281    i.vListInitialise   list.o
    0x08007376   0x00000006   Code   RO          282    i.vListInitialiseItem  list.o
    0x0800737c   0x00000034   Code   RO          283    i.vListInsert       list.o
    0x080073b0   0x00000018   Code   RO          284    i.vListInsertEnd    list.o
    0x080073c8   0x00000088   Code   RO          426    i.vPortEnterCritical  port.o
    0x08007450   0x00000070   Code   RO          427    i.vPortExitCritical  port.o
    0x080074c0   0x000000bc   Code   RO          416    i.vPortFree         heap_4.o
    0x0800757c   0x00000020   Code   RO          428    i.vPortSetupTimerInterrupt  port.o
    0x0800759c   0x000000a0   Code   RO          429    i.vPortValidateInterruptPriority  port.o
    0x0800763c   0x0000002c   Code   RO          299    i.vQueueAddToRegistry  queue.o
    0x08007668   0x0000004a   Code   RO          303    i.vQueueWaitForMessageRestricted  queue.o
    0x080076b2   0x00000002   PAD
    0x080076b4   0x00000078   Code   RO          349    i.vTaskDelay        tasks.o
    0x0800772c   0x00000110   Code   RO          351    i.vTaskDelete       tasks.o
    0x0800783c   0x0000000c   Code   RO          355    i.vTaskMissedYield  tasks.o
    0x08007848   0x00000058   Code   RO          357    i.vTaskPlaceOnEventList  tasks.o
    0x080078a0   0x00000060   Code   RO          358    i.vTaskPlaceOnEventListRestricted  tasks.o
    0x08007900   0x000000b0   Code   RO          360    i.vTaskPriorityInherit  tasks.o
    0x080079b0   0x00000050   Code   RO          364    i.vTaskSetTimeOutState  tasks.o
    0x08007a00   0x000000d8   Code   RO          365    i.vTaskStartScheduler  tasks.o
    0x08007ad8   0x00000010   Code   RO          367    i.vTaskSuspendAll   tasks.o
    0x08007ae8   0x000000ac   Code   RO          368    i.vTaskSwitchContext  tasks.o
    0x08007b94   0x000000a0   Code   RO          430    i.xPortStartScheduler  port.o
    0x08007c34   0x00000034   Code   RO          431    i.xPortSysTickHandler  port.o
    0x08007c68   0x000000d4   Code   RO          311    i.xQueueGenericCreateStatic  queue.o
    0x08007d3c   0x000001cc   Code   RO          312    i.xQueueGenericReceive  queue.o
    0x08007f08   0x000000b4   Code   RO          313    i.xQueueGenericReset  queue.o
    0x08007fbc   0x000001c8   Code   RO          314    i.xQueueGenericSend  queue.o
    0x08008184   0x00000114   Code   RO          315    i.xQueueGenericSendFromISR  queue.o
    0x08008298   0x000000a4   Code   RO          369    i.xTaskCheckForTimeOut  tasks.o
    0x0800833c   0x00000064   Code   RO          370    i.xTaskCreate       tasks.o
    0x080083a0   0x000000a4   Code   RO          371    i.xTaskCreateStatic  tasks.o
    0x08008444   0x00000020   Code   RO          375    i.xTaskGetSchedulerState  tasks.o
    0x08008464   0x0000000c   Code   RO          376    i.xTaskGetTickCount  tasks.o
    0x08008470   0x00000164   Code   RO          378    i.xTaskIncrementTick  tasks.o
    0x080085d4   0x000000dc   Code   RO          381    i.xTaskPriorityDisinherit  tasks.o
    0x080086b0   0x000000b8   Code   RO          382    i.xTaskRemoveFromEventList  tasks.o
    0x08008768   0x00000124   Code   RO          384    i.xTaskResumeAll    tasks.o
    0x0800888c   0x00000098   Code   RO          403    i.xTimerCreateTimerTask  timers.o
    0x08008924   0x000000a4   Code   RO          404    i.xTimerGenericCommand  timers.o
    0x080089c8   0x0000005a   Code   RO          504    x$fpl$dfixu         fz_ws.l(dfixu.o)
    0x08008a22   0x00000026   Code   RO          506    x$fpl$dfltu         fz_ws.l(dflt_clz.o)
    0x08008a48   0x00000154   Code   RO          509    x$fpl$dmul          fz_ws.l(dmul.o)
    0x08008b9c   0x0000009c   Code   RO          520    x$fpl$dnaninf       fz_ws.l(dnaninf.o)
    0x08008c38   0x0000000c   Code   RO          521    x$fpl$dretinf       fz_ws.l(dretinf.o)
    0x08008c44   0x00000000   Code   RO          522    x$fpl$usenofp       fz_ws.l(usenofp.o)
    0x08008c44   0x000017c0   Data   RO           53    .constdata          lcd.o
    0x0800a404   0x00000028   Data   RO          468    .constdata          c_w.l(_printf_hex_int.o)
    0x0800a42c   0x00000020   Data   RO          646    Region$$Table       anon$$obj.o


    Execution Region RW_IRAM1 (Base: 0x20000000, Size: 0x00006558, Max: 0x0000c000, ABSOLUTE)

    Base Addr    Size         Type   Attr      Idx    E Section Name        Object

    0x20000000   0x00000014   Data   RW           12    .data               system_stm32f10x.o
    0x20000014   0x00000004   Data   RW           16    .data               start_up.o
    0x20000018   0x00000001   Data   RW           20    .data               key.o
    0x20000019   0x00000001   PAD
    0x2000001a   0x00000004   Data   RW           54    .data               lcd.o
    0x2000001e   0x00000004   Data   RW           66    .data               delay.o
    0x20000022   0x00000002   PAD
    0x20000024   0x00000006   Data   RW           76    .data               usart.o
    0x2000002a   0x00000014   Data   RW          137    .data               stm32f10x_rcc.o
    0x2000003e   0x00000002   PAD
    0x20000040   0x0000003c   Data   RW          387    .data               tasks.o
    0x2000007c   0x00000014   Data   RW          412    .data               timers.o
    0x20000090   0x00000018   Data   RW          421    .data               heap_4.o
    0x200000a8   0x0000000c   Data   RW          432    .data               port.o
    0x200000b4   0x00000008   Data   RW          440    .data               interrupt_thread.o
    0x200000bc   0x0000003c   Data   RW          444    .data               thread_ui.o
    0x200000f8   0x00000004   Data   RW          449    .data               thread_algo.o
    0x200000fc   0x00000004   Data   RW          454    .data               thread_key.o
    0x20000100   0x0000000e   Zero   RW           52    .bss                lcd.o
    0x2000010e   0x000000c8   Zero   RW           75    .bss                usart.o
    0x200001d6   0x00000002   PAD
    0x200001d8   0x00000040   Zero   RW          326    .bss                queue.o
    0x20000218   0x000002e4   Zero   RW          386    .bss                tasks.o
    0x200004fc   0x000000cc   Zero   RW          411    .bss                timers.o
    0x200005c8   0x00005000   Zero   RW          420    .bss                heap_4.o
    0x200055c8   0x0000092c   Zero   RW          448    .bss                thread_algo.o
    0x20005ef4   0x00000060   Zero   RW          549    .bss                c_w.l(libspace.o)
    0x20005f54   0x00000004   PAD
    0x20005f58   0x00000200   Zero   RW           79    HEAP                startup_stm32f10x_hd.o
    0x20006158   0x00000400   Zero   RW           78    STACK               startup_stm32f10x_hd.o


==============================================================================

Image component sizes


      Code (inc. data)   RO Data    RW Data    ZI Data      Debug   Object Name

       268         26          0          4          0          0   delay.o
        80         28          0          0          0          0   exti.o
       760        184          0         24      20480          0   heap_4.o
       196         92          0          8          0          0   interrupt_thread.o
       168         14          0          1          0          0   key.o
     20410        264       6080          4         14          0   lcd.o
       148          0          0          0          0          0   list.o
        60         22          0          0          0          0   main.o
       172         22          0          0          0          0   misc.o
       950        320          0         12          0          0   port.o
      2280        260          0          0         64          0   queue.o
       234         98          0          4          0          0   start_up.o
        64         26        304          0       1536          0   startup_stm32f10x_hd.o
        12          6          0          0          0          0   stm32f10x_exti.o
       444          6          0          0          0          0   stm32f10x_gpio.o
        20          0          0          0          0          0   stm32f10x_it.o
       244         26          0         20          0          0   stm32f10x_rcc.o
        40          0          0          0          0          0   stm32f10x_tim.o
       408          6          0          0          0          0   stm32f10x_usart.o
       328         28          0         20          0          0   system_stm32f10x.o
      3760       1016          0         60        740          0   tasks.o
        96         48          0          4       2348          0   thread_algo.o
       122         50          0          4          0          0   thread_key.o
       448        170          0         60          0          0   thread_ui.o
       112         52          0          0          0          0   timer.o
      1366        322          0         20        204          0   timers.o
       328         26          0          6        200          0   usart.o

    ----------------------------------------------------------------------
     33544       3112       6416        256      25588          0   Object Totals
         0          0         32          0          0          0   (incl. Generated)
        26          0          0          5          2          0   (incl. Padding)

    ----------------------------------------------------------------------

      Code (inc. data)   RO Data    RW Data    ZI Data      Debug   Library Member Name

         8          0          0          0          0          0   __main.o
       104          0          0          0          0          0   __printf.o
         0          0          0          0          0          0   __rtentry.o
        12          0          0          0          0          0   __rtentry2.o
         6          0          0          0          0          0   __rtentry4.o
        52          8          0          0          0          0   __scatter.o
        26          0          0          0          0          0   __scatter_copy.o
        28          0          0          0          0          0   __scatter_zi.o
        44          0          0          0          0          0   _printf_char.o
        48          6          0          0          0          0   _printf_char_common.o
        36          4          0          0          0          0   _printf_char_file.o
         6          0          0          0          0          0   _printf_d.o
       120         16          0          0          0          0   _printf_dec.o
        88          4         40          0          0          0   _printf_hex_int.o
       178          0          0          0          0          0   _printf_intcommon.o
         0          0          0          0          0          0   _printf_percent.o
         4          0          0          0          0          0   _printf_percent_end.o
         6          0          0          0          0          0   _printf_s.o
        82          0          0          0          0          0   _printf_str.o
         6          0          0          0          0          0   _printf_x.o
        16          0          0          0          0          0   aeabi_memset.o
        18          0          0          0          0          0   exit.o
         8          0          0          0          0          0   ferror.o
         6          0          0          0          0          0   heapauxi.o
         2          0          0          0          0          0   libinit.o
         2          0          0          0          0          0   libinit2.o
         2          0          0          0          0          0   libshutdown.o
         2          0          0          0          0          0   libshutdown2.o
         8          4          0          0         96          0   libspace.o
        24          4          0          0          0          0   noretval__2printf.o
        68          0          0          0          0          0   rt_memclr.o
        78          0          0          0          0          0   rt_memclr_w.o
       138          0          0          0          0          0   rt_memcpy_v6.o
       100          0          0          0          0          0   rt_memcpy_w.o
         2          0          0          0          0          0   rtexit.o
        10          0          0          0          0          0   rtexit2.o
        74          0          0          0          0          0   sys_stackheap_outer.o
         2          0          0          0          0          0   use_no_semi.o
         2          0          0          0          0          0   use_no_semi_2.o
        90          4          0          0          0          0   dfixu.o
        38          0          0          0          0          0   dflt_clz.o
       340         12          0          0          0          0   dmul.o
       156          4          0          0          0          0   dnaninf.o
        12          0          0          0          0          0   dretinf.o
         0          0          0          0          0          0   usenofp.o

    ----------------------------------------------------------------------
      2060         66         40          0        100          0   Library Totals
         8          0          0          0          4          0   (incl. Padding)

    ----------------------------------------------------------------------

      Code (inc. data)   RO Data    RW Data    ZI Data      Debug   Library Name

      1416         46         40          0         96          0   c_w.l
       636         20          0          0          0          0   fz_ws.l

    ----------------------------------------------------------------------
      2060         66         40          0        100          0   Library Totals

    ----------------------------------------------------------------------

==============================================================================


      Code (inc. data)   RO Data    RW Data    ZI Data      Debug   

     35604       3178       6456        256      25688          0   Grand Totals
     35604       3178       6456        256      25688          0   ELF Image Totals
     35604       3178       6456        256          0          0   ROM Totals

==============================================================================

    Total RO  Size (Code + RO Data)                42060 (  41.07kB)
    Total RW  Size (RW Data + ZI Data)             25944 (  25.34kB)
    Total ROM Size (Code + RO Data + RW Data)      42316 (  41.32kB)

==============================================================================

