<html>
<body>
<pre>
<h1>µVision Build Log</h1>
<h2>Tool Versions:</h2>
IDE-Version: ¦ÌVision V5.18a
Copyright (C) 2016 ARM Ltd and ARM Germany GmbH. All rights reserved.
License Information: A B, C, LIC=CZLZ9-4Q4CS-TGG7T-RZ5F0-YSS4A-TKYD6
 
Tool Versions:
Toolchain:       MDK-ARM Standard  Version: 5.18a
Toolchain Path:  D:\install_location\keil5_MDK_Core\ARM\ARMCC\Bin
C Compiler:      Armcc.exe V5.06 update 1 (build 61)
Assembler:       Armasm.exe V5.06 update 1 (build 61)
Linker/Locator:  ArmLink.exe V5.06 update 1 (build 61)
Library Manager: ArmAr.exe V5.06 update 1 (build 61)
Hex Converter:   FromElf.exe V5.06 update 1 (build 61)
CPU DLL:         SARMCM3.DLL V5.18a
Dialog DLL:      DCM.DLL V1.13.6.0
Target DLL:      STLink\ST-LINKIII-KEIL_SWO.dll V2.0.18.0
Dialog DLL:      TCM.DLL V1.14.8.0
 
<h2>Project:</h2>
D:\install_location\keil5_MDK5_files\FreeRTOS\2_FreeRTOS_HWLib_LED\example\0_task\LED.uvprojx
Project File Date:  12/01/2021

<h2>Output:</h2>
*** Using Compiler 'V5.06 update 1 (build 61)', folder: 'D:\install_location\keil5_MDK_Core\ARM\ARMCC\Bin'
Build target 'Target 1'
compiling timer.c...
compiling delay.c...
compiling list.c...
compiling event_groups.c...
compiling usart.c...
compiling timers.c...
compiling queue.c...
compiling heap_4.c...
compiling croutine.c...
compiling main.c...
compiling tasks.c...
compiling led0_thread.c...
..\..\Thread\led0_thread.c(19): warning:  #111-D: statement is unreachable
  	return;					//?ý³?À´ËµÖ´?Ð²»µ?????
..\..\Thread\led0_thread.c: 1 warning, 0 errors
compiling interrupt_thread.c...
compiling led1_thread.c...
..\..\Thread\led1_thread.c(20): warning:  #111-D: statement is unreachable
  	return;					//?ý³?À´ËµÖ´?Ð²»µ?????
..\..\Thread\led1_thread.c: 1 warning, 0 errors
compiling port.c...
linking...
Program Size: Code=13276 RO-data=336 RW-data=180 ZI-data=23156  
FromELF: creating hex file...
"..\..\OBJ\STM32_Target.axf" - 0 Error(s), 2 Warning(s).

<h2>Collection of Component include folders:</h2>
  D:\install_location\keil5_MDK5_files\FreeRTOS\2_FreeRTOS_HWLib_LED\example\0_task\RTE
  D:\install_location\keil5_MDK_Pack\Keil\STM32F1xx_DFP\1.0.5\Device\Include

<h2>Collection of Component Files used:</h2>
Build Time Elapsed:  00:00:05
</pre>
</body>
</html>
